virtual desktop: 2880x1800 at (0,0)
overlay on monitor 65537: 2880x1800 at (0,0) dpi=192
委托墨迹轨迹(InkTrail): 可用
DPI 缩放 2.00（逻辑 1440x900）
批注键盘模式 = True（键盘归批注层；此时下层程序收不到键盘）
registered 15/15 global hotkeys
笔迹优化器: 未装（纯底层，画原始采样点）
[   0.3s] fps=  0.0 记录=12.13 上屏= 0.44 HUD= 3.96 统计= 3.44 合计= 19.98ms 置顶= 0.00ms 脏区=0块/100.0% ws=  88.7MB
[   1.4s] fps= 24.6 记录= 3.16 上屏= 4.46 HUD= 0.27 统计= 0.27 合计=  8.17ms 置顶= 0.45ms 脏区=0块/100.0% ws= 125.2MB
[   2.4s] fps= 19.9 记录= 3.87 上屏= 5.25 HUD= 0.48 统计= 0.47 合计= 10.07ms 置顶= 1.04ms 脏区=0块/100.0% ws= 125.7MB
[   3.4s] fps=  4.0 记录= 1.44 上屏= 0.28 HUD= 2.08 统计= 2.06 合计=  5.86ms 置顶= 0.42ms 脏区=0块/100.0% ws= 125.9MB
[   4.5s] fps=  4.1 记录= 1.12 上屏= 0.25 HUD= 1.75 统计= 1.73 合计=  4.84ms 置顶= 0.39ms 脏区=0块/100.0% ws= 126.2MB
[笔画] 采集到 10 个点，收到 按下1 移动92 抬起1 丢失捕获0，设备=鼠标
[   5.5s] fps= 60.0 记录= 6.84 上屏= 7.48 HUD= 0.15 统计= 0.15 合计= 14.63ms 置顶= 0.57ms 脏区=0块/100.0% ws= 127.0MB
[笔画] 采集到 7 个点，收到 按下1 移动42 抬起1 丢失捕获0，设备=鼠标
[   6.5s] fps= 30.5 记录= 4.83 上屏= 5.71 HUD= 0.28 统计= 0.28 合计= 11.10ms 置顶= 0.80ms 脏区=0块/100.0% ws= 127.2MB
[笔画] 采集到 8 个点，收到 按下1 移动32 抬起1 丢失捕获0，设备=鼠标
[笔画] 采集到 6 个点，收到 按下1 移动24 抬起1 丢失捕获0，设备=鼠标
[   7.5s] fps= 60.0 记录= 6.45 上屏= 7.51 HUD= 0.21 统计= 0.21 合计= 14.40ms 置顶= 2.05ms 脏区=0块/100.0% ws= 127.4MB
[笔画] 采集到 9 个点，收到 按下1 移动32 抬起1 丢失捕获0，设备=鼠标
[   8.5s] fps= 60.0 记录= 5.83 上屏= 7.79 HUD= 0.24 统计= 0.24 合计= 14.10ms 置顶= 0.31ms 脏区=0块/100.0% ws= 127.5MB
[笔画] 采集到 6 个点，收到 按下1 移动27 抬起1 丢失捕获0，设备=鼠标
[笔画] 采集到 7 个点，收到 按下1 移动18 抬起1 丢失捕获0，设备=鼠标
[   9.5s] fps= 60.0 记录= 4.61 上屏= 9.08 HUD= 0.27 统计= 0.27 合计= 14.23ms 置顶= 0.16ms 脏区=0块/100.0% ws= 128.0MB
[笔画] 采集到 9 个点，收到 按下1 移动34 抬起1 丢失捕获0，设备=鼠标
[笔画] 采集到 6 个点，收到 按下1 移动25 抬起1 丢失捕获0，设备=鼠标
[  10.6s] fps= 54.2 记录= 4.80 上屏= 7.99 HUD= 0.27 统计= 0.27 合计= 13.33ms 置顶= 0.18ms 脏区=0块/100.0% ws= 128.2MB
[笔画] 采集到 8 个点，收到 按下1 移动27 抬起1 丢失捕获0，设备=鼠标
[  11.6s] fps= 56.0 记录= 4.42 上屏= 7.69 HUD= 0.22 统计= 0.22 合计= 12.54ms 置顶= 0.14ms 脏区=0块/100.0% ws= 128.3MB
[笔画] 采集到 6 个点，收到 按下1 移动68 抬起1 丢失捕获0，设备=鼠标
[  12.6s] fps= 48.0 记录= 3.55 上屏= 6.78 HUD= 0.29 统计= 0.29 合计= 10.92ms 置顶= 0.27ms 脏区=0块/100.0% ws= 128.3MB
[  13.6s] fps= 30.0 记录= 3.27 上屏= 7.04 HUD= 0.38 统计= 0.38 合计= 11.07ms 置顶= 1.08ms 脏区=0块/100.0% ws= 128.3MB
[笔画] 采集到 8 个点，收到 按下1 移动57 抬起1 丢失捕获0，设备=鼠标
[  14.6s] fps= 65.4 记录= 2.72 上屏= 8.93 HUD= 0.30 统计= 0.29 合计= 12.24ms 置顶= 2.33ms 脏区=0块/100.0% ws= 128.4MB
[笔画] 采集到 6 个点，收到 按下1 移动45 抬起1 丢失捕获0，设备=鼠标
[笔画] 采集到 12 个点，收到 按下1 移动38 抬起1 丢失捕获0，设备=鼠标
[  15.7s] fps= 49.5 记录= 3.13 上屏= 9.35 HUD= 0.31 统计= 0.31 合计= 13.09ms 置顶= 2.41ms 脏区=0块/100.0% ws= 128.9MB
[  16.7s] fps=  4.0 记录= 1.37 上屏= 0.25 HUD= 2.03 统计= 2.02 合计=  5.68ms 置顶= 1.96ms 脏区=0块/100.0% ws= 128.9MB
[  17.9s] fps=  4.0 记录= 1.69 上屏= 0.27 HUD= 2.53 统计= 2.51 合计=  7.00ms 置顶= 2.69ms 脏区=0块/100.0% ws= 129.2MB
[  18.9s] fps=  3.9 记录= 1.05 上屏= 0.17 HUD= 3.12 统计= 3.10 合计=  7.44ms 置顶= 1.69ms 脏区=0块/100.0% ws= 129.7MB
[  20.1s] fps=  6.9 记录= 2.77 上屏= 8.22 HUD= 0.55 统计= 0.54 合计= 12.08ms 置顶= 0.51ms 脏区=0块/100.0% ws= 129.7MB
[  21.2s] fps= 23.5 记录= 3.63 上屏= 3.33 HUD= 0.86 统计= 0.86 合计=  8.69ms 置顶= 0.20ms 脏区=0块/100.0% ws= 129.7MB
[笔画] 采集到 8 个点，收到 按下1 移动47 抬起1 丢失捕获0，设备=鼠标
[  22.2s] fps= 46.0 记录= 3.96 上屏= 8.38 HUD= 0.24 统计= 0.24 合计= 12.82ms 置顶= 0.09ms 脏区=0块/100.0% ws= 130.1MB
[笔画] 采集到 8 个点，收到 按下1 移动39 抬起1 丢失捕获0，设备=鼠标
[笔画] 采集到 6 个点，收到 按下1 移动21 抬起1 丢失捕获0，设备=鼠标
[  23.2s] fps= 59.9 记录= 3.17 上屏= 8.69 HUD= 0.26 统计= 0.26 合计= 12.38ms 置顶= 0.53ms 脏区=0块/100.0% ws= 130.3MB
[笔画] 采集到 10 个点，收到 按下1 移动27 抬起1 丢失捕获0，设备=鼠标
[笔画] 采集到 7 个点，收到 按下1 移动34 抬起1 丢失捕获0，设备=鼠标
[  24.2s] fps= 60.0 记录= 4.90 上屏= 9.58 HUD= 0.20 统计= 0.20 合计= 14.89ms 置顶= 0.40ms 脏区=0块/100.0% ws= 130.3MB
[笔画] 采集到 6 个点，收到 按下1 移动38 抬起1 丢失捕获0，设备=鼠标
[  25.4s] fps= 22.2 记录= 4.24 上屏=10.52 HUD= 0.40 统计= 0.40 合计= 15.57ms 置顶= 2.23ms 脏区=0块/100.0% ws= 130.6MB
[  26.4s] fps= 61.9 记录= 4.13 上屏= 6.55 HUD= 0.33 统计= 0.33 合计= 11.34ms 置顶= 0.20ms 脏区=0块/100.0% ws= 130.6MB
[  27.4s] fps= 60.0 记录= 4.71 上屏=11.18 HUD= 0.28 统计= 0.28 合计= 16.44ms 置顶= 1.40ms 脏区=0块/100.0% ws= 131.0MB
[  28.4s] fps= 60.0 记录= 5.16 上屏=10.65 HUD= 0.32 统计= 0.31 合计= 16.43ms 置顶= 0.16ms 脏区=0块/100.0% ws= 131.4MB
[  29.4s] fps= 60.0 记录= 5.76 上屏=10.36 HUD= 0.26 统计= 0.26 合计= 16.64ms 置顶= 0.19ms 脏区=0块/100.0% ws= 131.5MB
[  30.5s] fps= 60.0 记录= 5.63 上屏=10.39 HUD= 0.24 统计= 0.24 合计= 16.49ms 置顶= 0.30ms 脏区=0块/100.0% ws= 131.9MB
[  31.5s] fps= 60.1 记录= 5.79 上屏=10.27 HUD= 0.27 统计= 0.27 合计= 16.61ms 置顶= 0.18ms 脏区=0块/100.0% ws= 131.9MB
[  32.5s] fps= 21.4 记录= 3.47 上屏= 9.82 HUD= 0.54 统计= 0.54 合计= 14.36ms 置顶= 1.14ms 脏区=0块/100.0% ws= 132.0MB
[  33.5s] fps=  6.9 记录= 2.96 上屏= 6.84 HUD= 0.35 统计= 0.35 合计= 10.49ms 置顶= 0.20ms 脏区=0块/100.0% ws= 132.3MB
[  34.5s] fps= 62.0 记录= 5.18 上屏=10.25 HUD= 0.26 统计= 0.25 合计= 15.94ms 置顶= 0.18ms 脏区=0块/100.0% ws= 132.5MB
[  35.5s] fps= 31.4 记录= 2.96 上屏= 9.04 HUD= 0.54 统计= 0.54 合计= 13.09ms 置顶= 0.52ms 脏区=0块/100.0% ws= 132.7MB
[  36.5s] fps= 60.0 记录= 4.40 上屏=10.43 HUD= 0.22 统计= 0.22 合计= 15.26ms 置顶= 1.96ms 脏区=0块/100.0% ws= 132.8MB
[  37.5s] fps= 36.3 记录= 3.99 上屏= 8.01 HUD= 0.34 统计= 0.34 合计= 12.68ms 置顶= 1.44ms 脏区=0块/100.0% ws= 132.9MB
[  38.6s] fps= 34.4 记录= 2.56 上屏= 9.42 HUD= 0.57 统计= 0.57 合计= 13.12ms 置顶= 1.75ms 脏区=0块/100.0% ws= 132.9MB
[笔画] 采集到 10 个点，收到 按下1 移动19 抬起1 丢失捕获0，设备=鼠标
[  39.7s] fps= 26.5 记录= 3.75 上屏= 6.23 HUD= 0.49 统计= 0.49 合计= 10.96ms 置顶= 2.08ms 脏区=0块/100.0% ws= 133.0MB
[笔画] 采集到 10 个点，收到 按下1 移动30 抬起1 丢失捕获0，设备=鼠标
[  40.8s] fps= 40.7 记录= 2.41 上屏= 9.23 HUD= 0.40 统计= 0.40 合计= 12.44ms 置顶= 1.23ms 脏区=0块/100.0% ws= 133.1MB
[笔画] 采集到 7 个点，收到 按下1 移动20 抬起1 丢失捕获0，设备=鼠标
[  41.9s] fps=  6.0 记录= 2.70 上屏= 7.84 HUD= 0.45 统计= 0.45 合计= 11.44ms 置顶= 1.12ms 脏区=0块/100.0% ws= 133.1MB
[  42.9s] fps=  4.6 记录= 1.51 上屏= 0.26 HUD= 1.56 统计= 1.55 合计=  4.88ms 置顶= 2.07ms 脏区=0块/100.0% ws= 133.1MB
[  43.9s] fps=  4.0 记录= 2.10 上屏= 6.42 HUD= 0.70 统计= 0.70 合计=  9.92ms 置顶= 1.28ms 脏区=0块/100.0% ws= 133.1MB
marquee selected 0 strokes
[  44.9s] fps= 44.5 记录= 2.88 上屏= 7.38 HUD= 0.33 统计= 0.33 合计= 10.93ms 置顶= 1.05ms 脏区=0块/100.0% ws= 133.2MB
[  46.2s] fps=  6.5 记录= 2.87 上屏= 4.62 HUD= 1.19 统计= 1.19 合计=  9.86ms 置顶= 1.26ms 脏区=0块/100.0% ws= 133.2MB
[  47.4s] fps=  5.7 记录= 1.69 上屏= 0.27 HUD= 2.15 统计= 2.14 合计=  6.26ms 置顶= 2.16ms 脏区=0块/100.0% ws= 133.2MB
笔迹粗细 -> 6 逻辑像素（本机实际 12 物理像素）
笔迹粗细 -> 10 逻辑像素（本机实际 20 物理像素）
笔迹粗细 -> 16 逻辑像素（本机实际 32 物理像素）
[  48.7s] fps=  8.6 记录= 1.74 上屏= 0.29 HUD= 1.67 统计= 1.66 合计=  5.35ms 置顶= 2.59ms 脏区=0块/100.0% ws= 133.2MB
[笔画] 采集到 11 个点，收到 按下1 移动27 抬起1 丢失捕获0，设备=鼠标
[  49.7s] fps= 41.3 记录= 3.82 上屏= 8.67 HUD= 0.30 统计= 0.30 合计= 13.08ms 置顶= 1.18ms 脏区=0块/100.0% ws= 133.3MB
[笔画] 采集到 7 个点，收到 按下1 移动31 抬起1 丢失捕获0，设备=鼠标
[  50.9s] fps= 45.6 记录= 4.53 上屏= 8.72 HUD= 0.35 统计= 0.35 合计= 13.95ms 置顶= 2.04ms 脏区=0块/100.0% ws= 134.8MB
[  52.2s] fps= 15.9 记录= 3.03 上屏= 6.81 HUD= 0.36 统计= 0.36 合计= 10.57ms 置顶= 1.58ms 脏区=0块/100.0% ws= 134.8MB
[  53.2s] fps= 14.2 记录= 2.05 上屏= 6.82 HUD= 0.37 统计= 0.37 合计=  9.61ms 置顶= 0.09ms 脏区=0块/100.0% ws= 134.8MB
[  54.2s] fps=  5.0 记录= 2.69 上屏= 8.10 HUD= 0.37 统计= 0.37 合计= 11.52ms 置顶= 0.19ms 脏区=0块/100.0% ws= 134.8MB
[笔画] 采集到 7 个点，收到 按下1 移动153 抬起1 丢失捕获0，设备=鼠标
[  55.2s] fps= 45.9 记录= 3.73 上屏= 8.91 HUD= 0.30 统计= 0.30 合计= 13.24ms 置顶= 0.40ms 脏区=0块/100.0% ws= 135.7MB
[笔画] 采集到 6 个点，收到 按下1 移动38 抬起1 丢失捕获0，设备=鼠标
[  56.4s] fps= 51.3 记录= 3.39 上屏= 8.03 HUD= 0.30 统计= 0.29 合计= 12.01ms 置顶= 3.12ms 脏区=0块/100.0% ws= 135.7MB
[  57.4s] fps= 30.0 记录= 1.72 上屏= 9.50 HUD= 0.25 统计= 0.25 合计= 11.72ms 置顶= 1.15ms 脏区=0块/100.0% ws= 135.7MB
[  58.4s] fps= 45.9 记录= 3.21 上屏= 6.66 HUD= 0.29 统计= 0.29 合计= 10.45ms 置顶= 0.16ms 脏区=0块/100.0% ws= 135.7MB
[笔画] 采集到 6 个点，收到 按下1 移动134 抬起1 丢失捕获0，设备=鼠标
[  59.5s] fps= 58.6 记录= 3.60 上屏=10.11 HUD= 0.27 统计= 0.27 合计= 14.25ms 置顶= 0.26ms 脏区=0块/100.0% ws= 135.8MB
[笔画] 采集到 9 个点，收到 按下1 移动24 抬起1 丢失捕获0，设备=鼠标
[笔画] 采集到 11 个点，收到 按下1 移动22 抬起1 丢失捕获0，设备=鼠标
[笔画] 采集到 11 个点，收到 按下1 移动24 抬起1 丢失捕获0，设备=鼠标
[  60.5s] fps= 60.0 记录= 4.64 上屏= 9.18 HUD= 0.22 统计= 0.22 合计= 14.26ms 置顶= 0.29ms 脏区=0块/100.0% ws= 136.4MB
[笔画] 采集到 10 个点，收到 按下1 移动19 抬起1 丢失捕获0，设备=鼠标
[笔画] 采集到 11 个点，收到 按下1 移动17 抬起1 丢失捕获0，设备=鼠标
[笔画] 采集到 9 个点，收到 按下1 移动16 抬起1 丢失捕获0，设备=鼠标
[  61.5s] fps= 60.0 记录= 4.92 上屏= 9.90 HUD= 0.28 统计= 0.28 合计= 15.37ms 置顶= 0.23ms 脏区=0块/100.0% ws= 137.4MB
[笔画] 采集到 6 个点，收到 按下1 移动12 抬起1 丢失捕获0，设备=鼠标
[笔画] 采集到 10 个点，收到 按下1 移动18 抬起1 丢失捕获0，设备=鼠标
[  62.5s] fps= 60.0 记录= 4.71 上屏= 9.52 HUD= 0.22 统计= 0.22 合计= 14.67ms 置顶= 0.44ms 脏区=0块/100.0% ws= 139.2MB
[笔画] 采集到 10 个点，收到 按下1 移动17 抬起1 丢失捕获0，设备=鼠标
[笔画] 采集到 10 个点，收到 按下1 移动16 抬起1 丢失捕获0，设备=鼠标
[  63.5s] fps= 60.1 记录= 4.79 上屏=10.31 HUD= 0.28 统计= 0.28 合计= 15.66ms 置顶= 0.18ms 脏区=0块/100.0% ws= 140.2MB
[  64.5s] fps= 60.0 记录= 7.99 上屏= 8.03 HUD= 0.24 统计= 0.24 合计= 16.51ms 置顶= 1.82ms 脏区=0块/100.0% ws= 140.8MB
[笔画] 采集到 70 个点，收到 按下1 移动72 抬起1 丢失捕获0，设备=鼠标
[  65.5s] fps= 60.0 记录= 6.27 上屏= 9.51 HUD= 0.25 统计= 0.25 合计= 16.30ms 置顶= 0.36ms 脏区=0块/100.0% ws= 144.7MB
[笔画] 采集到 28 个点，收到 按下1 移动50 抬起1 丢失捕获0，设备=鼠标
[  66.7s] fps=  6.9 记录= 4.00 上屏= 6.60 HUD= 0.63 统计= 0.63 合计= 11.86ms 置顶= 0.83ms 脏区=0块/100.0% ws= 146.8MB
[  67.7s] fps=  5.3 记录= 1.33 上屏= 0.28 HUD= 1.90 统计= 1.88 合计=  5.39ms 置顶= 0.40ms 脏区=0块/100.0% ws= 146.9MB
[  68.7s] fps= 63.8 记录= 5.46 上屏= 5.24 HUD= 0.28 统计= 0.28 合计= 11.27ms 置顶= 0.24ms 脏区=0块/100.0% ws= 146.9MB
[笔画] 采集到 11 个点，收到 按下1 移动57 抬起1 丢失捕获0，设备=鼠标
[  69.7s] fps= 60.0 记录= 7.28 上屏= 7.09 HUD= 0.14 统计= 0.14 合计= 14.65ms 置顶= 0.16ms 脏区=0块/100.0% ws= 147.2MB
[  70.7s] fps= 60.0 记录= 7.41 上屏= 8.75 HUD= 0.21 统计= 0.21 合计= 16.58ms 置顶= 0.12ms 脏区=0块/100.0% ws= 147.2MB
[笔画] 采集到 73 个点，收到 按下1 移动91 抬起1 丢失捕获0，设备=鼠标
[  71.7s] fps= 60.0 记录= 7.55 上屏= 7.24 HUD= 0.24 统计= 0.24 合计= 15.28ms 置顶= 0.12ms 脏区=0块/100.0% ws= 152.5MB
[  72.7s] fps= 35.6 记录= 3.46 上屏= 8.29 HUD= 0.41 统计= 0.41 合计= 12.57ms 置顶= 0.21ms 脏区=0块/100.0% ws= 152.5MB
[笔画] 采集到 9 个点，收到 按下1 移动87 抬起1 丢失捕获0，设备=鼠标
[  73.7s] fps= 60.0 记录= 4.46 上屏= 7.31 HUD= 0.28 统计= 0.27 合计= 12.32ms 置顶= 0.92ms 脏区=0块/100.0% ws= 159.7MB
[笔画] 采集到 8 个点，收到 按下1 移动45 抬起1 丢失捕获0，设备=鼠标
[  74.7s] fps= 60.0 记录= 4.91 上屏= 7.54 HUD= 0.21 统计= 0.21 合计= 12.87ms 置顶= 0.54ms 脏区=0块/100.0% ws= 159.8MB
[笔画] 采集到 8 个点，收到 按下1 移动38 抬起1 丢失捕获0，设备=鼠标
[  75.7s] fps= 52.0 记录= 5.60 上屏= 7.31 HUD= 0.26 统计= 0.26 合计= 13.43ms 置顶= 0.14ms 脏区=0块/100.0% ws= 169.0MB
[笔画] 采集到 7 个点，收到 按下1 移动44 抬起1 丢失捕获0，设备=鼠标
[笔画] 采集到 9 个点，收到 按下1 移动43 抬起1 丢失捕获0，设备=鼠标
[  76.7s] fps= 59.9 记录= 4.57 上屏= 9.50 HUD= 0.26 统计= 0.25 合计= 14.58ms 置顶= 1.92ms 脏区=0块/100.0% ws= 169.1MB
[  77.8s] fps= 40.0 记录= 4.01 上屏= 9.35 HUD= 0.29 统计= 0.29 合计= 13.93ms 置顶= 1.39ms 脏区=0块/100.0% ws= 169.1MB
[笔画] 采集到 8 个点，收到 按下1 移动52 抬起1 丢失捕获0，设备=鼠标
[  78.9s] fps= 18.8 记录= 3.88 上屏= 6.93 HUD= 0.35 统计= 0.35 合计= 11.52ms 置顶= 1.39ms 脏区=0块/100.0% ws= 169.2MB
[  79.9s] fps= 61.3 记录= 2.47 上屏= 9.09 HUD= 0.33 统计= 0.33 合计= 12.23ms 置顶= 0.35ms 脏区=0块/100.0% ws= 169.2MB
[笔画] 采集到 25 个点，收到 按下1 移动97 抬起1 丢失捕获0，设备=鼠标
[  80.9s] fps= 60.0 记录= 4.07 上屏=10.39 HUD= 0.29 统计= 0.29 合计= 15.03ms 置顶= 2.75ms 脏区=0块/100.0% ws= 169.4MB
[  81.9s] fps= 36.9 记录= 1.80 上屏= 5.37 HUD= 0.35 统计= 0.35 合计=  7.87ms 置顶= 1.20ms 脏区=0块/100.0% ws= 167.0MB
[笔画] 采集到 9 个点，收到 按下1 移动52 抬起1 丢失捕获0，设备=鼠标
[  83.2s] fps= 12.3 记录= 4.24 上屏= 8.85 HUD= 0.65 统计= 0.64 合计= 14.38ms 置顶= 0.47ms 脏区=0块/100.0% ws= 167.1MB
[笔画] 采集到 7 个点，收到 按下1 移动29 抬起1 丢失捕获0，设备=鼠标
[  84.2s] fps= 60.2 记录= 3.54 上屏= 7.42 HUD= 0.46 统计= 0.46 合计= 11.87ms 置顶= 0.10ms 脏区=0块/100.0% ws= 163.8MB
[  85.2s] fps= 53.2 记录= 2.81 上屏= 8.05 HUD= 0.42 统计= 0.42 合计= 11.70ms 置顶= 0.57ms 脏区=0块/100.0% ws= 166.9MB
[笔画] 采集到 8 个点，收到 按下1 移动37 抬起1 丢失捕获0，设备=鼠标
[  86.4s] fps=  3.9 记录= 2.65 上屏= 3.64 HUD= 1.60 统计= 1.59 合计=  9.47ms 置顶= 2.21ms 脏区=0块/100.0% ws= 167.0MB
[  87.7s] fps=  4.0 记录= 1.76 上屏= 0.27 HUD= 2.27 统计= 2.25 合计=  6.55ms 置顶= 1.51ms 脏区=0块/100.0% ws= 167.0MB
[  88.9s] fps=  5.8 记录= 1.79 上屏= 0.28 HUD= 1.90 统计= 1.89 合计=  5.86ms 置顶= 2.25ms 脏区=0块/100.0% ws= 167.0MB
[  90.2s] fps=  4.0 记录= 1.60 上屏= 0.21 HUD= 2.33 统计= 2.32 合计=  6.46ms 置顶= 1.70ms 脏区=0块/100.0% ws= 167.0MB
[  91.4s] fps=  4.0 记录= 2.01 上屏= 2.00 HUD= 1.13 统计= 1.12 合计=  6.26ms 置顶= 2.32ms 脏区=0块/100.0% ws= 163.8MB
marquee selected 0 strokes
[  92.4s] fps= 45.6 记录= 2.77 上屏= 7.59 HUD= 0.25 统计= 0.25 合计= 10.86ms 置顶= 2.04ms 脏区=0块/100.0% ws= 163.8MB
[  93.4s] fps= 60.0 记录= 3.73 上屏= 9.11 HUD= 0.22 统计= 0.22 合计= 13.29ms 置顶= 0.29ms 脏区=0块/100.0% ws= 163.8MB
marquee selected 3 strokes
[  94.4s] fps= 60.0 记录= 4.66 上屏= 9.06 HUD= 0.28 统计= 0.28 合计= 14.28ms 置顶= 1.16ms 脏区=0块/100.0% ws= 166.8MB
[  95.7s] fps=  4.0 记录= 4.04 上屏= 5.66 HUD= 0.77 统计= 0.77 合计= 11.24ms 置顶= 2.01ms 脏区=0块/100.0% ws= 166.9MB
[  96.7s] fps=  4.0 记录= 1.59 上屏= 0.24 HUD= 1.85 统计= 1.84 合计=  5.51ms 置顶= 2.58ms 脏区=0块/100.0% ws= 166.8MB
[  97.7s] fps=  3.9 记录= 1.27 上屏= 0.21 HUD= 3.11 统计= 3.10 合计=  7.69ms 置顶= 1.56ms 脏区=0块/100.0% ws= 166.9MB
marquee selected 0 strokes
[  98.7s] fps= 44.0 记录= 3.59 上屏= 7.72 HUD= 0.22 统计= 0.22 合计= 11.75ms 置顶= 0.14ms 脏区=0块/100.0% ws= 166.9MB
marquee selected 1 strokes
[  99.7s] fps= 27.8 记录= 3.58 上屏= 5.56 HUD= 0.46 统计= 0.46 合计= 10.06ms 置顶= 1.86ms 脏区=0块/100.0% ws= 166.8MB
[ 100.8s] fps=  3.9 记录= 1.87 上屏= 0.23 HUD= 2.44 统计= 2.43 合计=  6.97ms 置顶= 1.09ms 脏区=0块/100.0% ws= 166.8MB
[ 101.9s] fps=  3.9 记录= 1.99 上屏= 0.25 HUD= 2.49 统计= 2.48 合计=  7.21ms 置顶= 0.98ms 脏区=0块/100.0% ws= 166.9MB
[ 102.9s] fps=  4.0 记录= 1.83 上屏= 0.25 HUD= 2.99 统计= 2.97 合计=  8.05ms 置顶= 2.22ms 脏区=0块/100.0% ws= 166.9MB
[ 103.9s] fps= 42.7 记录= 4.88 上屏= 7.69 HUD= 0.27 统计= 0.27 合计= 13.11ms 置顶= 1.17ms 脏区=0块/100.0% ws= 166.9MB
[ 104.9s] fps= 58.0 记录= 4.69 上屏= 8.15 HUD= 0.31 统计= 0.31 合计= 13.45ms 置顶= 1.04ms 脏区=0块/100.0% ws= 167.2MB
[ 106.0s] fps= 39.5 记录= 2.92 上屏= 7.39 HUD= 0.40 统计= 0.40 合计= 11.10ms 置顶= 0.31ms 脏区=0块/100.0% ws= 167.3MB
[ 107.1s] fps= 45.4 记录= 2.77 上屏= 7.17 HUD= 0.30 统计= 0.30 合计= 10.54ms 置顶= 0.16ms 脏区=0块/100.0% ws= 167.3MB
marquee selected 11 strokes
[ 108.1s] fps= 60.1 记录= 4.12 上屏= 9.95 HUD= 0.18 统计= 0.18 合计= 14.44ms 置顶= 0.35ms 脏区=0块/100.0% ws= 167.3MB
[ 109.2s] fps= 55.1 记录= 4.16 上屏= 7.27 HUD= 0.31 统计= 0.31 合计= 12.05ms 置顶= 0.63ms 脏区=0块/100.0% ws= 167.4MB
[ 110.2s] fps= 48.5 记录= 4.27 上屏= 8.70 HUD= 0.31 统计= 0.31 合计= 13.59ms 置顶= 0.09ms 脏区=0块/100.0% ws= 177.0MB
[ 111.4s] fps=  4.3 记录= 1.83 上屏= 0.24 HUD= 1.17 统计= 1.16 合计=  4.40ms 置顶= 1.14ms 脏区=0块/100.0% ws= 177.1MB
[ 112.4s] fps= 32.9 记录= 3.43 上屏= 6.03 HUD= 0.25 统计= 0.25 合计=  9.95ms 置顶= 1.39ms 脏区=0块/100.0% ws= 177.2MB
[ 113.4s] fps= 57.4 记录= 3.78 上屏= 8.39 HUD= 0.29 统计= 0.29 合计= 12.76ms 置顶= 0.10ms 脏区=0块/100.0% ws= 188.1MB
[ 114.5s] fps= 45.7 记录= 4.10 上屏= 6.27 HUD= 0.33 统计= 0.33 合计= 11.03ms 置顶= 0.72ms 脏区=0块/100.0% ws= 190.1MB
[ 115.7s] fps=  4.0 记录= 2.51 上屏= 8.68 HUD= 0.41 统计= 0.41 合计= 12.00ms 置顶= 0.78ms 脏区=0块/100.0% ws= 190.2MB
[ 116.7s] fps=  3.9 记录= 1.65 上屏= 0.29 HUD= 2.84 统计= 2.82 合计=  7.59ms 置顶= 2.40ms 脏区=0块/100.0% ws= 190.2MB
[ 117.7s] fps=  4.0 记录= 2.36 上屏= 3.86 HUD= 1.18 统计= 1.18 合计=  8.57ms 置顶= 0.45ms 脏区=0块/100.0% ws= 190.2MB
marquee selected 37 strokes
[ 118.7s] fps= 60.1 记录= 5.29 上屏= 8.88 HUD= 0.19 统计= 0.19 合计= 14.56ms 置顶= 0.36ms 脏区=0块/100.0% ws= 190.2MB
[ 119.7s] fps= 60.0 记录= 5.11 上屏= 7.99 HUD= 0.31 统计= 0.31 合计= 13.72ms 置顶= 1.70ms 脏区=0块/100.0% ws= 190.2MB
[ 120.8s] fps= 60.1 记录= 3.58 上屏= 6.59 HUD= 0.32 统计= 0.32 合计= 10.81ms 置顶= 0.82ms 脏区=0块/100.0% ws= 203.4MB
[ 121.8s] fps= 25.5 记录= 3.46 上屏= 4.35 HUD= 0.25 统计= 0.25 合计=  8.31ms 置顶= 1.59ms 脏区=0块/100.0% ws= 203.5MB
[ 122.9s] fps= 51.6 记录= 4.86 上屏= 8.13 HUD= 0.28 统计= 0.28 合计= 13.54ms 置顶= 0.10ms 脏区=0块/100.0% ws= 210.3MB
[ 123.9s] fps= 49.6 记录= 4.89 上屏= 8.36 HUD= 0.29 统计= 0.29 合计= 13.83ms 置顶= 0.11ms 脏区=0块/100.0% ws= 240.4MB
[ 124.9s] fps= 40.2 记录= 2.06 上屏= 6.98 HUD= 0.27 统计= 0.27 合计=  9.57ms 置顶= 2.39ms 脏区=0块/100.0% ws= 243.7MB
[ 125.9s] fps= 16.0 记录= 2.22 上屏= 2.21 HUD= 0.45 统计= 0.44 合计=  5.32ms 置顶= 1.44ms 脏区=0块/100.0% ws= 243.7MB
[ 127.2s] fps= 31.0 记录= 2.12 上屏= 5.07 HUD= 0.42 统计= 0.41 合计=  8.02ms 置顶= 1.01ms 脏区=0块/100.0% ws= 243.8MB
[ 128.2s] fps= 31.0 记录= 3.09 上屏= 5.98 HUD= 0.46 统计= 0.46 合计=  9.98ms 置顶= 1.52ms 脏区=0块/100.0% ws= 243.8MB
[ 129.3s] fps= 49.7 记录= 2.08 上屏= 2.69 HUD= 0.46 统计= 0.46 合计=  5.70ms 置顶= 0.57ms 脏区=0块/100.0% ws= 243.9MB
marquee selected 0 strokes
[ 130.3s] fps= 49.3 记录= 2.61 上屏=10.11 HUD= 0.17 统计= 0.17 合计= 13.06ms 置顶= 1.46ms 脏区=0块/100.0% ws= 243.9MB
[ 131.4s] fps= 25.2 记录= 2.68 上屏= 3.61 HUD= 0.44 统计= 0.44 合计=  7.17ms 置顶= 2.38ms 脏区=0块/100.0% ws= 243.9MB
[ 132.4s] fps=  4.2 记录= 1.46 上屏= 0.25 HUD= 1.15 统计= 1.14 合计=  4.00ms 置顶= 0.69ms 脏区=0块/100.0% ws= 243.7MB
[笔画] 采集到 8 个点，收到 按下1 移动93 抬起1 丢失捕获0，设备=鼠标
[ 133.4s] fps= 60.0 记录= 4.77 上屏= 9.35 HUD= 0.18 统计= 0.18 合计= 14.47ms 置顶= 0.34ms 脏区=0块/100.0% ws= 243.7MB
[笔画] 采集到 7 个点，收到 按下1 移动25 抬起1 丢失捕获0，设备=鼠标
[笔画] 采集到 7 个点，收到 按下1 移动18 抬起1 丢失捕获0，设备=鼠标
[笔画] 采集到 10 个点，收到 按下1 移动20 抬起1 丢失捕获0，设备=鼠标
[ 134.4s] fps= 60.0 记录= 5.23 上屏= 8.63 HUD= 0.27 统计= 0.27 合计= 14.40ms 置顶= 0.29ms 脏区=0块/100.0% ws= 236.5MB
[笔画] 采集到 8 个点，收到 按下1 移动25 抬起1 丢失捕获0，设备=鼠标
[笔画] 采集到 7 个点，收到 按下1 移动18 抬起1 丢失捕获0，设备=鼠标
[笔画] 采集到 6 个点，收到 按下1 移动13 抬起1 丢失捕获0，设备=鼠标
[ 135.5s] fps= 60.0 记录= 5.37 上屏= 9.42 HUD= 0.23 统计= 0.23 合计= 15.26ms 置顶= 1.79ms 脏区=0块/100.0% ws= 236.6MB
[ 136.7s] fps= 32.6 记录= 5.37 上屏= 8.66 HUD= 0.41 统计= 0.41 合计= 14.85ms 置顶= 1.03ms 脏区=0块/100.0% ws= 236.0MB
[ 137.7s] fps=  5.3 记录= 1.77 上屏= 0.22 HUD= 3.07 统计= 3.06 合计=  8.12ms 置顶= 3.09ms 脏区=0块/100.0% ws= 236.0MB
marquee selected 7 strokes
[ 138.7s] fps= 53.9 记录= 3.56 上屏= 7.52 HUD= 0.20 统计= 0.20 合计= 11.49ms 置顶= 0.38ms 脏区=0块/100.0% ws= 236.1MB
[ 139.7s] fps= 34.6 记录= 5.07 上屏= 8.65 HUD= 0.28 统计= 0.27 合计= 14.27ms 置顶= 2.36ms 脏区=0块/100.0% ws= 236.1MB
[ 140.8s] fps= 42.5 记录= 2.96 上屏= 3.58 HUD= 0.38 统计= 0.38 合计=  7.30ms 置顶= 2.18ms 脏区=0块/100.0% ws= 236.3MB
[ 141.9s] fps=  6.8 记录= 1.62 上屏= 5.19 HUD= 0.76 统计= 0.76 合计=  8.33ms 置顶= 1.69ms 脏区=0块/100.0% ws= 236.3MB
[ 142.9s] fps= 25.0 记录= 2.84 上屏= 4.05 HUD= 0.47 统计= 0.47 合计=  7.84ms 置顶= 0.35ms 脏区=0块/100.0% ws= 236.3MB
[ 143.9s] fps= 23.6 记录= 3.61 上屏= 4.42 HUD= 0.59 统计= 0.58 合计=  9.20ms 置顶= 0.63ms 脏区=0块/100.0% ws= 239.6MB
[ 144.9s] fps= 47.5 记录= 3.41 上屏= 5.01 HUD= 0.22 统计= 0.21 合计=  8.84ms 置顶= 0.82ms 脏区=0块/100.0% ws= 239.7MB
[ 145.9s] fps= 41.6 记录= 1.78 上屏= 5.71 HUD= 0.41 统计= 0.41 合计=  8.31ms 置顶= 1.52ms 脏区=0块/100.0% ws= 239.8MB
[ 146.9s] fps= 60.5 记录= 4.06 上屏= 6.07 HUD= 0.20 统计= 0.20 合计= 10.53ms 置顶= 2.52ms 脏区=0块/100.0% ws= 240.4MB
[ 148.2s] fps= 47.6 记录= 2.10 上屏= 9.83 HUD= 0.56 统计= 0.56 合计= 13.04ms 置顶= 1.52ms 脏区=0块/100.0% ws= 240.4MB
[ 149.2s] fps= 29.5 记录= 3.82 上屏= 4.01 HUD= 0.39 统计= 0.38 合计=  8.60ms 置顶= 2.04ms 脏区=0块/100.0% ws= 240.4MB
marquee selected 31 strokes
[ 150.4s] fps= 60.0 记录= 4.33 上屏= 7.74 HUD= 0.35 统计= 0.35 合计= 12.78ms 置顶= 2.84ms 脏区=0块/100.0% ws= 240.4MB
[ 151.4s] fps= 17.9 记录= 3.96 上屏= 3.70 HUD= 0.66 统计= 0.65 合计=  8.97ms 置顶= 2.73ms 脏区=0块/100.0% ws= 240.4MB
[ 152.4s] fps= 37.4 记录= 4.90 上屏= 7.21 HUD= 0.20 统计= 0.20 合计= 12.51ms 置顶= 0.37ms 脏区=0块/100.0% ws= 240.5MB
[ 153.4s] fps= 46.5 记录= 3.58 上屏= 5.48 HUD= 0.28 统计= 0.28 合计=  9.62ms 置顶= 0.18ms 脏区=0块/100.0% ws= 240.5MB
[ 154.5s] fps= 54.2 记录= 5.21 上屏= 6.27 HUD= 0.28 统计= 0.28 合计= 12.04ms 置顶= 0.23ms 脏区=0块/100.0% ws= 245.9MB
[ 155.5s] fps= 60.0 记录= 7.85 上屏= 7.11 HUD= 0.25 统计= 0.25 合计= 15.46ms 置顶= 0.35ms 脏区=0块/100.0% ws= 247.9MB
[ 156.5s] fps= 60.0 记录= 7.49 上屏= 7.27 HUD= 0.18 统计= 0.18 合计= 15.13ms 置顶= 0.48ms 脏区=0块/100.0% ws= 247.9MB
[ 157.5s] fps= 60.0 记录= 6.66 上屏= 7.93 HUD= 0.22 统计= 0.22 合计= 15.03ms 置顶= 1.83ms 脏区=0块/100.0% ws= 248.0MB
[ 158.5s] fps= 60.0 记录= 5.64 上屏= 7.26 HUD= 0.26 统计= 0.26 合计= 13.42ms 置顶= 0.13ms 脏区=0块/100.0% ws= 248.1MB
[ 159.5s] fps= 27.1 记录= 4.43 上屏= 6.21 HUD= 0.34 统计= 0.34 合计= 11.32ms 置顶= 0.33ms 脏区=0块/100.0% ws= 248.1MB
[ 160.5s] fps= 58.0 记录= 5.32 上屏= 8.16 HUD= 0.26 统计= 0.26 合计= 14.00ms 置顶= 0.24ms 脏区=0块/100.0% ws= 248.1MB
[ 161.5s] fps= 63.7 记录= 4.37 上屏= 6.46 HUD= 0.33 统计= 0.32 合计= 11.48ms 置顶= 0.11ms 脏区=0块/100.0% ws= 249.3MB
[ 162.6s] fps= 58.1 记录= 5.53 上屏= 7.16 HUD= 0.29 统计= 0.29 合计= 13.27ms 置顶= 0.30ms 脏区=0块/100.0% ws= 251.2MB
[ 163.6s] fps= 59.6 记录= 4.91 上屏= 4.62 HUD= 0.27 统计= 0.27 合计= 10.07ms 置顶= 0.12ms 脏区=0块/100.0% ws= 251.3MB
[ 164.6s] fps= 50.3 记录= 5.09 上屏= 7.73 HUD= 0.21 统计= 0.21 合计= 13.24ms 置顶= 1.54ms 脏区=0块/100.0% ws= 251.3MB
[ 165.6s] fps= 51.8 记录= 3.23 上屏= 8.67 HUD= 0.26 统计= 0.26 合计= 12.41ms 置顶= 1.97ms 脏区=0块/100.0% ws= 251.7MB
[ 166.6s] fps= 59.9 记录= 6.16 上屏= 8.78 HUD= 0.27 统计= 0.27 合计= 15.48ms 置顶= 0.40ms 脏区=0块/100.0% ws= 252.0MB
[ 167.6s] fps= 58.9 记录= 5.71 上屏= 7.10 HUD= 0.26 统计= 0.26 合计= 13.32ms 置顶= 0.62ms 脏区=0块/100.0% ws= 252.2MB
[ 168.6s] fps= 58.9 记录= 6.55 上屏= 7.98 HUD= 0.20 统计= 0.20 合计= 14.93ms 置顶= 0.12ms 脏区=0块/100.0% ws= 253.5MB
[ 169.6s] fps= 60.0 记录= 7.45 上屏= 7.39 HUD= 0.32 统计= 0.32 合计= 15.48ms 置顶= 0.13ms 脏区=0块/100.0% ws= 253.6MB
[ 170.6s] fps= 60.0 记录= 7.25 上屏= 7.89 HUD= 0.27 统计= 0.27 合计= 15.68ms 置顶= 0.39ms 脏区=0块/100.0% ws= 253.6MB
[ 171.7s] fps= 59.0 记录= 5.65 上屏= 9.63 HUD= 0.22 统计= 0.22 合计= 15.72ms 置顶= 1.79ms 脏区=0块/100.0% ws= 253.7MB
[ 172.8s] fps= 10.5 记录= 5.31 上屏= 9.43 HUD= 0.34 统计= 0.34 合计= 15.42ms 置顶= 1.20ms 脏区=0块/100.0% ws= 253.7MB
[ 173.8s] fps= 61.0 记录= 4.66 上屏= 8.02 HUD= 0.26 统计= 0.26 合计= 13.20ms 置顶= 0.14ms 脏区=0块/100.0% ws= 253.8MB
[ 174.8s] fps= 58.9 记录= 5.78 上屏= 9.54 HUD= 0.24 统计= 0.24 合计= 15.79ms 置顶= 0.36ms 脏区=0块/100.0% ws= 253.8MB
[ 175.8s] fps= 60.3 记录= 5.58 上屏= 8.78 HUD= 0.23 统计= 0.23 合计= 14.82ms 置顶= 1.53ms 脏区=0块/100.0% ws= 254.0MB
[ 176.8s] fps= 60.0 记录= 5.51 上屏= 9.65 HUD= 0.27 统计= 0.27 合计= 15.70ms 置顶= 0.11ms 脏区=0块/100.0% ws= 254.0MB
[ 177.8s] fps= 61.1 记录= 6.47 上屏= 8.87 HUD= 0.21 统计= 0.21 合计= 15.76ms 置顶= 0.13ms 脏区=0块/100.0% ws= 254.1MB
[ 178.9s] fps= 59.1 记录= 4.77 上屏=11.08 HUD= 0.33 统计= 0.33 合计= 16.51ms 置顶= 1.49ms 脏区=0块/100.0% ws= 254.2MB
[ 179.9s] fps=  4.7 记录= 1.82 上屏= 0.56 HUD= 1.36 统计= 1.35 合计=  5.08ms 置顶= 1.82ms 脏区=0块/100.0% ws= 254.2MB
[ 180.9s] fps= 54.3 记录= 3.98 上屏= 7.99 HUD= 0.26 统计= 0.26 合计= 12.50ms 置顶= 3.66ms 脏区=0块/100.0% ws= 254.2MB
[ 181.9s] fps= 56.3 记录= 4.15 上屏= 7.96 HUD= 0.34 统计= 0.34 合计= 12.79ms 置顶= 0.98ms 脏区=0块/100.0% ws= 254.3MB
[ 182.9s] fps=  5.5 记录= 2.91 上屏= 5.19 HUD= 0.58 统计= 0.57 合计=  9.25ms 置顶= 2.13ms 脏区=0块/100.0% ws= 254.3MB
[ 184.1s] fps= 13.7 记录= 3.61 上屏= 7.40 HUD= 0.36 统计= 0.36 合计= 11.74ms 置顶= 1.81ms 脏区=0块/100.0% ws= 254.3MB
[ 185.1s] fps= 48.0 记录= 3.40 上屏= 7.97 HUD= 0.22 统计= 0.22 合计= 11.81ms 置顶= 2.60ms 脏区=0块/100.0% ws= 254.3MB
marquee selected 56 strokes
[ 186.1s] fps= 33.1 记录= 3.92 上屏= 8.98 HUD= 0.34 统计= 0.34 合计= 13.58ms 置顶= 0.41ms 脏区=0块/100.0% ws= 254.4MB
[ 187.2s] fps=  3.9 记录= 2.02 上屏= 0.26 HUD= 2.31 统计= 2.30 合计=  6.89ms 置顶= 1.14ms 脏区=0块/100.0% ws= 254.4MB
[ 188.2s] fps= 33.6 记录= 2.25 上屏= 4.13 HUD= 0.38 统计= 0.38 合计=  7.14ms 置顶= 0.14ms 脏区=0块/100.0% ws= 254.4MB
[ 189.2s] fps= 59.0 记录= 3.73 上屏= 6.31 HUD= 0.27 统计= 0.27 合计= 10.59ms 置顶= 0.11ms 脏区=0块/100.0% ws= 254.8MB
[ 190.2s] fps= 57.8 记录= 3.97 上屏= 4.98 HUD= 0.27 统计= 0.27 合计=  9.50ms 置顶= 0.11ms 脏区=0块/100.0% ws= 282.2MB
[ 191.3s] fps= 56.5 记录= 4.19 上屏= 5.94 HUD= 0.26 统计= 0.26 合计= 10.65ms 置顶= 0.76ms 脏区=0块/100.0% ws= 304.5MB
[ 192.4s] fps=  9.8 记录= 1.95 上屏= 3.64 HUD= 0.35 统计= 0.35 合计=  6.29ms 置顶= 1.43ms 脏区=0块/100.0% ws= 321.4MB
[ 193.4s] fps= 53.5 记录= 2.62 上屏= 5.28 HUD= 0.39 统计= 0.38 合计=  8.67ms 置顶= 0.44ms 脏区=0块/100.0% ws= 345.9MB
[ 194.4s] fps= 62.4 记录= 2.83 上屏= 6.77 HUD= 0.26 统计= 0.26 合计= 10.12ms 置顶= 0.15ms 脏区=0块/100.0% ws= 349.1MB
[ 195.4s] fps= 46.0 记录= 3.72 上屏= 7.54 HUD= 0.32 统计= 0.32 合计= 11.90ms 置顶= 0.33ms 脏区=0块/100.0% ws= 382.1MB
[ 196.5s] fps= 45.4 记录= 3.16 上屏= 7.53 HUD= 0.33 统计= 0.32 合计= 11.34ms 置顶= 0.26ms 脏区=0块/100.0% ws= 407.8MB
[ 197.5s] fps= 36.0 记录= 2.03 上屏= 5.55 HUD= 0.29 统计= 0.29 合计=  8.16ms 置顶= 1.03ms 脏区=0块/100.0% ws= 432.5MB
[ 198.6s] fps= 49.7 记录= 4.07 上屏= 6.77 HUD= 0.36 统计= 0.36 合计= 11.56ms 置顶= 1.68ms 脏区=0块/100.0% ws= 449.8MB
[ 199.7s] fps= 29.7 记录= 2.01 上屏= 1.89 HUD= 0.56 统计= 0.56 合计=  5.02ms 置顶= 2.31ms 脏区=0块/100.0% ws= 449.9MB
[ 200.9s] fps=  4.0 记录= 1.87 上屏= 0.27 HUD= 1.12 统计= 1.12 合计=  4.38ms 置顶= 1.30ms 脏区=0块/100.0% ws= 449.9MB
[ 202.2s] fps=  4.0 记录= 1.57 上屏= 0.22 HUD= 2.29 统计= 2.28 合计=  6.36ms 置顶= 2.35ms 脏区=0块/100.0% ws= 449.9MB
[ 203.2s] fps=  3.9 记录= 1.33 上屏= 0.20 HUD= 2.20 统计= 2.18 合计=  5.90ms 置顶= 0.51ms 脏区=0块/100.0% ws= 449.9MB
marquee selected 0 strokes
[ 204.4s] fps= 21.7 记录= 3.17 上屏= 8.42 HUD= 0.30 统计= 0.30 合计= 12.18ms 置顶= 2.64ms 脏区=0块/100.0% ws= 449.9MB
[ 205.4s] fps=  4.0 记录= 1.33 上屏= 0.19 HUD= 3.20 统计= 3.18 合计=  7.91ms 置顶= 2.08ms 脏区=0块/100.0% ws= 448.8MB
[ 206.4s] fps=  3.9 记录= 1.53 上屏= 0.23 HUD= 2.72 统计= 2.71 合计=  7.19ms 置顶= 2.62ms 脏区=0块/100.0% ws= 433.5MB
[ 207.5s] fps= 30.5 记录= 1.98 上屏= 6.59 HUD= 0.59 统计= 0.59 合计=  9.74ms 置顶= 3.44ms 脏区=0块/100.0% ws= 433.5MB
marquee selected 0 strokes
[ 208.7s] fps= 30.6 记录= 3.32 上屏= 7.43 HUD= 0.30 统计= 0.30 合计= 11.35ms 置顶= 0.62ms 脏区=0块/100.0% ws= 433.6MB
[ 209.7s] fps=  4.0 记录= 1.85 上屏= 0.26 HUD= 1.50 统计= 1.50 合计=  5.11ms 置顶= 2.05ms 脏区=0块/100.0% ws= 433.6MB
[ 210.9s] fps= 16.0 记录= 1.73 上屏= 0.22 HUD= 1.40 统计= 1.40 合计=  4.75ms 置顶= 2.32ms 脏区=0块/100.0% ws= 435.0MB
[ 211.9s] fps= 52.0 记录= 2.48 上屏= 5.60 HUD= 0.24 统计= 0.24 合计=  8.57ms 置顶= 0.11ms 脏区=0块/100.0% ws= 437.4MB
marquee selected 0 strokes
[ 212.9s] fps= 52.3 记录= 5.02 上屏= 8.84 HUD= 0.32 统计= 0.32 合计= 14.50ms 置顶= 0.36ms 脏区=0块/100.0% ws= 437.4MB
shutdown complete
