virtual desktop: 2880x1800 at (0,0)
帧延迟等待对象: 已启用
overlay on monitor 65537: 2880x1800 at (0,0) dpi=192
委托墨迹轨迹(InkTrail): 可用
DPI 缩放 2.00（逻辑 1440x900）
批注键盘模式 = True（键盘归批注层；此时下层程序收不到键盘）
registered 15/15 global hotkeys
笔迹优化器: 未装（纯底层，画原始采样点）

InkTeach 批注原型已启动。键位（可配置，见 C:\Users\薛仁义\AppData\Roaming\InkTeach\settings.json）：
全局热键（任何程序在前台都生效）：
  Ctrl+Alt+P       穿透模式开关         全屏批注：能画 / 不能画
  Ctrl+Alt+1       笔              换成笔
  Ctrl+Alt+2       荧光笔            换成荧光笔
  Ctrl+Alt+3       激光笔            换成激光笔
  Ctrl+Alt+4       橡皮擦            换成橡皮擦
  Ctrl+Alt+5       框选             换成框选（选择/移动/缩放/旋转）
  Ctrl+Alt+Z       撤销             撤销一步
  Ctrl+Alt+C       清空             清空整页
  Ctrl+Alt+I       性能面板开关         显示/隐藏性能面板
  Ctrl+Alt+6       切换当前工具粗细       切成当前工具的下一档粗细
  Ctrl+Alt+K       批注键盘模式开关       键盘归批注层（编辑快捷键生效）
  Ctrl+Alt+Y       切换穿透实现方式       换穿透的实现方式
  Ctrl+Alt+X       退出             退出
  Ctrl+Alt+B       性能基准（开发）       开发期：一万笔基准
  Ctrl+Alt+M       内存探测（开发）       开发期：内存/显存探测
批注内快捷键（批注键盘模式打开时生效）：
  Ctrl+Z           撤销             撤销一步
  Ctrl+Y           重做             重做
  Ctrl+A           全选             全选
  Ctrl+D           复制一份           复制一份
  Delete           删除选中           删除选中
  Esc              取消选择           取消选择
  Left             左移 1           左移 1 像素
  Up               上移 1           上移 1 像素
  Right            右移 1           右移 1 像素
  Down             下移 1           下移 1 像素
  Shift+Left       左移 10          左移 10 像素
  Shift+Up         上移 10          上移 10 像素
  Shift+Right      右移 10          右移 10 像素
  Shift+Down       下移 10          下移 10 像素

开发期测试模式（不属于引擎）：
  --selftest [秒]     自动画几笔并检查渲染
  --report [文件]     输出完整性能报告
  --memory [文件]     输出内存归因报告
  --inputtest         指针输入路径自检
  --passtest          穿透真机测试（跨进程点击）
  --erasertest        橡皮擦正确性
  --widthtest         笔迹粗细/压力
  --ghosttest         残影检测
  --trailtest         委托墨迹轨迹对照
  --latbench <csv>    延时实测（分场景 + 分位数 + 稳定性）
  --penlive [秒]      真笔延时实测（挂上手写笔写一会儿，出报告）
  --longrun [秒]      长时运行内存/CPU
  --realizetest [n]   几何实现缓存对照
  --restest [n]       分辨率对照（离屏层）
  --beautifytest      手写美化自检（笔锋量化）
  --beautifyshowcase  四种笔锋摆样（人工看）
  --cornertest        直角填充自检（拐角会不会掉色）
  --rotatetest        旋转度数读数与吸附（含真机拖动 + 上屏核对）
  --preset <名字>     precise | handwriting | bold | calligraphy
  --rawink            关掉所有笔迹后处理（滤波/抽稀/拟合/笔锋）
  --screenshot <路径> [x y w h]  截屏工具
  --clicktarget <日志>           穿透测试用的下层窗口

[   0.3s] fps=  0.0 记录=10.59 上屏= 1.36 面板=0.00ms×0/s 统计= 1.05 合计= 14.80ms 置顶= 0.00ms 脏区=0块/100.0% ws=  86.1MB
[   1.4s] fps=  6.8 记录= 0.85 上屏= 0.25 面板=8.17ms×3/s 统计= 0.02 合计=  1.17ms 置顶= 0.15ms 脏区=0块/100.0% ws= 124.5MB
[   2.5s] fps= 32.0 记录= 0.81 上屏= 0.23 面板=0.91ms×3/s 统计= 0.03 合计=  1.05ms 置顶= 0.18ms 脏区=0块/100.0% ws= 125.2MB
[   3.5s] fps= 26.0 记录= 0.84 上屏= 0.25 面板=0.89ms×3/s 统计= 0.03 合计=  1.11ms 置顶= 0.37ms 脏区=0块/100.0% ws= 125.3MB
[   4.5s] fps= 20.5 记录= 0.73 上屏= 0.22 面板=0.97ms×3/s 统计= 0.04 合计=  0.97ms 置顶= 0.20ms 脏区=0块/100.0% ws= 125.4MB
[   5.5s] fps= 14.0 记录= 0.69 上屏= 0.24 面板=0.90ms×3/s 统计= 0.03 合计=  0.95ms 置顶= 0.20ms 脏区=0块/100.0% ws= 125.5MB
[   6.5s] fps= 23.1 记录= 0.76 上屏= 0.25 面板=0.90ms×3/s 统计= 0.03 合计=  1.02ms 置顶= 0.27ms 脏区=0块/100.0% ws= 125.8MB
[   7.7s] fps=  4.0 记录= 0.77 上屏= 0.24 面板=0.77ms×3/s 统计= 0.04 合计=  1.05ms 置顶= 0.15ms 脏区=0块/100.0% ws= 125.8MB
[   8.7s] fps=  4.7 记录= 0.58 上屏= 0.18 面板=0.84ms×2/s 统计= 0.02 合计=  0.81ms 置顶= 0.40ms 脏区=0块/100.0% ws= 125.9MB
[   9.7s] fps= 10.0 记录= 0.83 上屏= 0.28 面板=0.73ms×3/s 统计= 0.07 合计=  1.16ms 置顶= 0.30ms 脏区=0块/100.0% ws= 125.9MB
[  11.0s] fps=  4.0 记录= 0.75 上屏= 0.33 面板=1.06ms×3/s 统计= 0.02 合计=  1.13ms 置顶= 0.15ms 脏区=0块/100.0% ws= 126.0MB
[  12.2s] fps=  3.9 记录= 0.63 上屏= 0.23 面板=0.75ms×3/s 统计= 0.02 合计=  0.92ms 置顶= 0.44ms 脏区=0块/100.0% ws= 126.1MB
[  13.5s] fps= 10.5 记录= 0.89 上屏= 0.29 面板=0.79ms×3/s 统计= 0.02 合计=  1.19ms 置顶= 0.68ms 脏区=0块/100.0% ws= 126.2MB
[  14.7s] fps=  4.4 记录= 0.73 上屏= 0.21 面板=0.87ms×3/s 统计= 0.02 合计=  0.96ms 置顶= 0.45ms 脏区=0块/100.0% ws= 126.2MB
[  16.0s] fps=  4.0 记录= 0.67 上屏= 0.24 面板=0.67ms×2/s 统计= 0.02 合计=  0.96ms 置顶= 0.27ms 脏区=0块/100.0% ws= 126.2MB
[  17.0s] fps=  5.5 记录= 0.70 上屏= 0.20 面板=0.70ms×3/s 统计= 0.02 合计=  0.94ms 置顶= 0.46ms 脏区=0块/100.0% ws= 126.2MB
[  18.3s] fps= 17.1 记录= 0.86 上屏= 0.27 面板=0.64ms×3/s 统计= 0.02 合计=  1.15ms 置顶= 0.57ms 脏区=0块/100.0% ws= 126.3MB
[笔画] 采集到 12 个点，收到 按下1 移动326 抬起1 丢失捕获0，设备=鼠标
[  19.3s] fps= 43.8 记录= 0.96 上屏= 0.26 面板=1.17ms×4/s 统计= 0.02 合计=  1.23ms 置顶= 0.07ms 脏区=0块/100.0% ws= 126.9MB
[  20.4s] fps= 46.4 记录= 0.80 上屏= 0.26 面板=0.76ms×4/s 统计= 0.37 合计=  1.09ms 置顶= 0.10ms 脏区=0块/100.0% ws= 127.6MB
[  21.4s] fps= 29.9 记录= 0.81 上屏= 0.23 面板=0.88ms×3/s 统计= 0.02 合计=  1.05ms 置顶= 0.09ms 脏区=0块/100.0% ws= 127.7MB
[笔画] 采集到 23 个点，收到 按下1 移动90 抬起1 丢失捕获0，设备=鼠标
[  22.5s] fps= 36.1 记录= 0.83 上屏= 0.27 面板=0.88ms×4/s 统计= 0.02 合计=  1.10ms 置顶= 0.23ms 脏区=0块/100.0% ws= 127.8MB
[  23.5s] fps= 25.9 记录= 0.75 上屏= 0.21 面板=0.88ms×4/s 统计= 0.02 合计=  0.97ms 置顶= 0.21ms 脏区=0块/100.0% ws= 127.9MB
[  24.8s] fps= 39.1 记录= 0.75 上屏= 0.21 面板=0.75ms×3/s 统计= 0.02 合计=  0.97ms 置顶= 0.32ms 脏区=0块/100.0% ws= 127.9MB
[  25.8s] fps=  5.8 记录= 0.66 上屏= 0.22 面板=0.78ms×2/s 统计= 0.02 合计=  0.94ms 置顶= 0.22ms 脏区=0块/100.0% ws= 127.8MB
[  26.8s] fps= 59.7 记录= 0.72 上屏= 0.23 面板=0.76ms×3/s 统计= 0.02 合计=  0.95ms 置顶= 0.09ms 脏区=0块/100.0% ws= 127.9MB
[笔画] 采集到 27 个点，收到 按下1 移动112 抬起1 丢失捕获0，设备=鼠标
[  28.0s] fps= 24.5 记录= 0.81 上屏= 0.26 面板=0.78ms×3/s 统计= 0.02 合计=  1.07ms 置顶= 0.21ms 脏区=0块/100.0% ws= 128.0MB
[  29.0s] fps= 13.9 记录= 0.81 上屏= 0.25 面板=0.80ms×3/s 统计= 0.02 合计=  1.07ms 置顶= 0.20ms 脏区=0块/100.0% ws= 128.0MB
[  30.0s] fps= 60.2 记录= 0.92 上屏= 0.24 面板=0.88ms×3/s 统计= 0.02 合计=  1.16ms 置顶= 0.32ms 脏区=0块/100.0% ws= 128.0MB
[笔画] 采集到 98 个点，收到 按下1 移动126 抬起1 丢失捕获0，设备=鼠标
[  31.1s] fps= 38.5 记录= 1.07 上屏= 0.24 面板=1.02ms×3/s 统计= 0.02 合计=  1.31ms 置顶= 0.13ms 脏区=0块/100.0% ws= 128.5MB
[  32.1s] fps= 60.2 记录= 0.98 上屏= 0.26 面板=0.97ms×4/s 统计= 0.02 合计=  1.24ms 置顶= 0.10ms 脏区=0块/100.0% ws= 128.6MB
[笔画] 采集到 75 个点，收到 按下1 移动93 抬起1 丢失捕获0，设备=鼠标
[  33.1s] fps= 60.2 记录= 1.24 上屏= 0.27 面板=0.99ms×4/s 统计= 0.02 合计=  1.52ms 置顶= 0.17ms 脏区=0块/100.0% ws= 128.7MB
[笔画] 采集到 8 个点，收到 按下1 移动35 抬起1 丢失捕获0，设备=鼠标
[笔画] 采集到 7 个点，收到 按下1 移动28 抬起1 丢失捕获0，设备=鼠标
[笔画] 采集到 8 个点，收到 按下1 移动19 抬起1 丢失捕获0，设备=鼠标
[  34.3s] fps= 48.0 记录= 0.69 上屏= 0.20 面板=1.01ms×4/s 统计= 0.02 合计=  0.90ms 置顶= 0.17ms 脏区=0块/100.0% ws= 128.8MB
[笔画] 采集到 8 个点，收到 按下1 移动27 抬起1 丢失捕获0，设备=鼠标
[  35.3s] fps= 24.0 记录= 0.66 上屏= 0.20 面板=0.71ms×3/s 统计= 0.01 合计=  0.86ms 置顶= 0.73ms 脏区=0块/100.0% ws= 128.8MB
[  36.3s] fps= 41.8 记录= 0.66 上屏= 0.19 面板=0.79ms×3/s 统计= 0.02 合计=  0.85ms 置顶= 0.09ms 脏区=0块/100.0% ws= 128.8MB
[  37.3s] fps=  5.6 记录= 0.67 上屏= 0.18 面板=0.73ms×4/s 统计= 0.01 合计=  0.86ms 置顶= 0.15ms 脏区=0块/100.0% ws= 128.8MB
[  38.3s] fps= 59.9 记录= 0.83 上屏= 0.21 面板=0.75ms×3/s 统计= 0.02 合计=  1.04ms 置顶= 0.19ms 脏区=0块/100.0% ws= 128.9MB
[笔画] 采集到 91 个点，收到 按下1 移动166 抬起1 丢失捕获0，设备=鼠标
[  39.6s] fps= 24.4 记录= 1.12 上屏= 0.22 面板=0.77ms×4/s 统计= 0.03 合计=  1.35ms 置顶= 0.15ms 脏区=0块/100.0% ws= 129.3MB
[  40.6s] fps= 59.9 记录= 0.68 上屏= 0.20 面板=0.70ms×3/s 统计= 0.03 合计=  0.88ms 置顶= 0.08ms 脏区=0块/100.0% ws= 129.3MB
[笔画] 采集到 65 个点，收到 按下1 移动101 抬起1 丢失捕获0，设备=鼠标
[  41.6s] fps= 40.5 记录= 0.79 上屏= 0.21 面板=0.72ms×3/s 统计= 0.02 合计=  1.01ms 置顶= 0.20ms 脏区=0块/100.0% ws= 129.4MB
[  42.6s] fps= 59.9 记录= 0.70 上屏= 0.20 面板=0.74ms×4/s 统计= 0.02 合计=  0.90ms 置顶= 0.10ms 脏区=0块/100.0% ws= 129.5MB
[笔画] 采集到 52 个点，收到 按下1 移动119 抬起1 丢失捕获0，设备=鼠标
[笔画] 采集到 20 个点，收到 按下1 移动33 抬起1 丢失捕获0，设备=鼠标
[  43.6s] fps= 58.0 记录= 0.73 上屏= 0.21 面板=0.79ms×4/s 统计= 0.02 合计=  0.94ms 置顶= 0.14ms 脏区=0块/100.0% ws= 129.5MB
[笔画] 采集到 36 个点，收到 按下1 移动42 抬起1 丢失捕获0，设备=鼠标
[  44.8s] fps= 16.4 记录= 0.68 上屏= 0.20 面板=0.72ms×3/s 统计= 0.02 合计=  0.89ms 置顶= 0.24ms 脏区=0块/100.0% ws= 129.7MB
[  45.8s] fps= 13.6 记录= 0.70 上屏= 0.22 面板=0.74ms×3/s 统计= 0.02 合计=  0.94ms 置顶= 0.36ms 脏区=0块/100.0% ws= 129.7MB
[笔画] 采集到 16 个点，收到 按下1 移动51 抬起1 丢失捕获0，设备=鼠标
[  46.8s] fps= 23.3 记录= 0.69 上屏= 0.20 面板=0.95ms×3/s 统计= 0.02 合计=  0.90ms 置顶= 0.07ms 脏区=0块/100.0% ws= 129.7MB
[  47.9s] fps=  5.0 记录= 0.68 上屏= 0.21 面板=0.80ms×3/s 统计= 0.02 合计=  0.91ms 置顶= 0.11ms 脏区=0块/100.0% ws= 129.7MB
[  49.1s] fps=  4.6 记录= 0.62 上屏= 0.21 面板=0.86ms×3/s 统计= 0.01 合计=  0.85ms 置顶= 0.30ms 脏区=0块/100.0% ws= 129.7MB
[  50.1s] fps=  4.0 记录= 0.53 上屏= 0.16 面板=0.72ms×3/s 统计= 0.02 合计=  0.73ms 置顶= 0.37ms 脏区=0块/100.0% ws= 129.7MB
[  51.1s] fps=  4.1 记录= 0.59 上屏= 0.22 面板=0.69ms×4/s 统计= 0.01 合计=  0.85ms 置顶= 0.45ms 脏区=0块/100.0% ws= 129.7MB
[  52.3s] fps=  4.0 记录= 0.66 上屏= 0.22 面板=0.73ms×3/s 统计= 0.02 合计=  0.92ms 置顶= 0.22ms 脏区=0块/100.0% ws= 129.7MB
[  53.6s] fps=  4.0 记录= 0.63 上屏= 0.20 面板=0.83ms×2/s 统计= 0.02 合计=  0.86ms 置顶= 0.09ms 脏区=0块/100.0% ws= 129.7MB
[  54.8s] fps=  3.9 记录= 0.57 上屏= 0.21 面板=0.69ms×2/s 统计= 0.02 合计=  0.82ms 置顶= 0.12ms 脏区=0块/100.0% ws= 129.7MB
[  56.1s] fps=  4.4 记录= 0.58 上屏= 0.22 面板=0.72ms×2/s 统计= 0.01 合计=  0.83ms 置顶= 0.12ms 脏区=0块/100.0% ws= 129.7MB
[  57.3s] fps=  4.1 记录= 0.58 上屏= 0.22 面板=0.66ms×2/s 统计= 0.02 合计=  0.84ms 置顶= 0.14ms 脏区=0块/100.0% ws= 129.7MB
[  58.6s] fps=  3.9 记录= 0.60 上屏= 0.22 面板=0.78ms×2/s 统计= 0.01 合计=  0.84ms 置顶= 0.24ms 脏区=0块/100.0% ws= 129.8MB
[  59.6s] fps= 10.0 记录= 0.61 上屏= 0.20 面板=0.77ms×3/s 统计= 0.02 合计=  0.81ms 置顶= 0.08ms 脏区=0块/100.0% ws= 129.8MB
marquee selected 13 strokes
[  60.6s] fps=  3.9 记录= 1.49 上屏= 0.18 面板=0.68ms×3/s 统计= 0.02 合计=  1.68ms 置顶= 0.20ms 脏区=0块/100.0% ws= 132.8MB
[  61.8s] fps=  3.9 记录= 0.89 上屏= 0.21 面板=0.71ms×3/s 统计= 0.01 合计=  1.13ms 置顶= 0.12ms 脏区=0块/100.0% ws= 132.8MB
[  63.0s] fps= 13.6 记录= 0.84 上屏= 0.20 面板=0.75ms×2/s 统计= 0.02 合计=  1.06ms 置顶= 0.12ms 脏区=0块/100.0% ws= 136.3MB
[  64.1s] fps= 29.0 记录= 0.92 上屏= 0.22 面板=0.73ms×3/s 统计= 0.01 合计=  1.14ms 置顶= 0.10ms 脏区=0块/100.0% ws= 153.8MB
[  65.3s] fps= 20.6 记录= 0.92 上屏= 0.21 面板=0.69ms×3/s 统计= 0.01 合计=  1.15ms 置顶= 0.09ms 脏区=0块/100.0% ws= 158.0MB
[  66.5s] fps= 23.2 记录= 0.92 上屏= 0.22 面板=0.73ms×3/s 统计= 0.01 合计=  1.14ms 置顶= 0.11ms 脏区=0块/100.0% ws= 158.0MB
[  67.6s] fps= 17.9 记录= 0.91 上屏= 0.21 面板=0.66ms×2/s 统计= 0.02 合计=  1.13ms 置顶= 0.11ms 脏区=0块/100.0% ws= 158.4MB
[  68.6s] fps= 13.4 记录= 1.10 上屏= 0.20 面板=0.71ms×3/s 统计= 0.02 合计=  1.31ms 置顶= 0.10ms 脏区=0块/100.0% ws= 158.7MB
[  69.6s] fps= 59.9 记录= 1.04 上屏= 0.20 面板=0.75ms×3/s 统计= 0.02 合计=  1.25ms 置顶= 0.09ms 脏区=0块/100.0% ws= 159.0MB
[  70.6s] fps= 59.9 记录= 0.91 上屏= 0.21 面板=0.71ms×4/s 统计= 0.02 合计=  1.12ms 置顶= 0.14ms 脏区=0块/100.0% ws= 159.1MB
[  71.6s] fps= 59.6 记录= 0.91 上屏= 0.22 面板=0.67ms×4/s 统计= 0.02 合计=  1.13ms 置顶= 0.08ms 脏区=0块/100.0% ws= 156.7MB
[  72.6s] fps= 60.4 记录= 0.99 上屏= 0.20 面板=0.79ms×3/s 统计= 0.02 合计=  1.18ms 置顶= 0.09ms 脏区=0块/100.0% ws= 156.7MB
[  73.6s] fps= 59.8 记录= 0.90 上屏= 0.21 面板=0.76ms×4/s 统计= 0.02 合计=  1.11ms 置顶= 0.07ms 脏区=0块/100.0% ws= 155.1MB
[  74.7s] fps= 60.0 记录= 0.87 上屏= 0.20 面板=0.65ms×4/s 统计= 0.02 合计=  1.07ms 置顶= 0.09ms 脏区=0块/100.0% ws= 154.6MB
[  75.7s] fps= 60.0 记录= 0.87 上屏= 0.20 面板=0.66ms×4/s 统计= 0.02 合计=  1.08ms 置顶= 0.07ms 脏区=0块/100.0% ws= 154.6MB
[  76.7s] fps= 59.9 记录= 0.91 上屏= 0.20 面板=0.67ms×4/s 统计= 0.02 合计=  1.11ms 置顶= 0.08ms 脏区=0块/100.0% ws= 154.6MB
[  77.7s] fps= 60.1 记录= 0.87 上屏= 0.20 面板=0.68ms×4/s 统计= 0.02 合计=  1.07ms 置顶= 0.09ms 脏区=0块/100.0% ws= 154.6MB
[  78.7s] fps= 60.0 记录= 0.87 上屏= 0.20 面板=0.71ms×4/s 统计= 0.02 合计=  1.08ms 置顶= 0.10ms 脏区=0块/100.0% ws= 153.1MB
[  79.7s] fps= 60.3 记录= 0.88 上屏= 0.20 面板=0.73ms×4/s 统计= 0.02 合计=  1.08ms 置顶= 0.09ms 脏区=0块/100.0% ws= 153.2MB
[  80.8s] fps= 41.4 记录= 0.86 上屏= 0.19 面板=0.72ms×4/s 统计= 0.01 合计=  1.05ms 置顶= 0.20ms 脏区=0块/100.0% ws= 153.2MB
[  81.8s] fps=  7.7 记录= 0.83 上屏= 0.20 面板=0.70ms×4/s 统计= 0.02 合计=  1.06ms 置顶= 0.25ms 脏区=0块/100.0% ws= 156.5MB
[  83.0s] fps= 18.0 记录= 0.70 上屏= 0.18 面板=0.76ms×3/s 统计= 0.02 合计=  0.90ms 置顶= 0.28ms 脏区=0块/100.0% ws= 156.5MB
[  84.1s] fps=  6.0 记录= 0.62 上屏= 0.17 面板=0.74ms×3/s 统计= 0.01 合计=  0.81ms 置顶= 0.21ms 脏区=0块/100.0% ws= 156.6MB
marquee selected 0 strokes
[  85.3s] fps= 18.7 记录= 0.65 上屏= 0.18 面板=0.73ms×3/s 统计= 0.01 合计=  0.84ms 置顶= 0.19ms 脏区=0块/100.0% ws= 156.6MB
[  86.6s] fps=  3.9 记录= 0.57 上屏= 0.19 面板=0.73ms×2/s 统计= 0.02 合计=  0.79ms 置顶= 0.21ms 脏区=0块/100.0% ws= 156.6MB
[  87.8s] fps=  4.1 记录= 0.55 上屏= 0.19 面板=0.70ms×2/s 统计= 0.01 合计=  0.77ms 置顶= 0.14ms 脏区=0块/100.0% ws= 156.6MB
[  88.8s] fps= 13.5 记录= 0.71 上屏= 0.23 面板=0.77ms×2/s 统计= 0.01 合计=  0.95ms 置顶= 0.09ms 脏区=0块/100.0% ws= 156.6MB
[  89.8s] fps= 60.0 记录= 0.71 上屏= 0.19 面板=0.71ms×4/s 统计= 0.02 合计=  0.90ms 置顶= 0.09ms 脏区=0块/100.0% ws= 153.6MB
[笔画] 采集到 40 个点，收到 按下1 移动146 抬起1 丢失捕获0，设备=鼠标
[  91.1s] fps=  9.6 记录= 0.65 上屏= 0.18 面板=0.74ms×4/s 统计= 0.03 合计=  0.84ms 置顶= 0.26ms 脏区=0块/100.0% ws= 147.6MB
[  92.1s] fps=  5.5 记录= 0.64 上屏= 0.19 面板=0.68ms×3/s 统计= 0.01 合计=  0.85ms 置顶= 0.30ms 脏区=0块/100.0% ws= 147.6MB
marquee selected 1 strokes
[  93.1s] fps=  9.9 记录= 0.70 上屏= 0.19 面板=0.58ms×3/s 统计= 0.02 合计=  0.89ms 置顶= 0.49ms 脏区=0块/100.0% ws= 147.6MB
[  94.3s] fps=  3.9 记录= 0.75 上屏= 0.16 面板=0.83ms×2/s 统计= 0.02 合计=  0.94ms 置顶= 0.40ms 脏区=0块/100.0% ws= 147.7MB
[  95.3s] fps= 59.8 记录= 0.92 上屏= 0.22 面板=0.80ms×2/s 统计= 0.02 合计=  1.14ms 置顶= 0.13ms 脏区=0块/100.0% ws= 147.7MB
[  96.3s] fps= 60.0 记录= 0.93 上屏= 0.20 面板=0.70ms×3/s 统计= 0.02 合计=  1.13ms 置顶= 0.10ms 脏区=0块/100.0% ws= 148.1MB
[  97.4s] fps= 60.0 记录= 0.94 上屏= 0.20 面板=0.76ms×4/s 统计= 0.01 合计=  1.15ms 置顶= 0.08ms 脏区=0块/100.0% ws= 148.4MB
[  98.4s] fps= 60.0 记录= 0.88 上屏= 0.19 面板=0.74ms×4/s 统计= 0.02 合计=  1.07ms 置顶= 0.21ms 脏区=0块/100.0% ws= 148.5MB
[  99.4s] fps= 60.1 记录= 0.91 上屏= 0.20 面板=0.70ms×4/s 统计= 0.02 合计=  1.12ms 置顶= 0.09ms 脏区=0块/100.0% ws= 148.5MB
[ 100.4s] fps= 59.9 记录= 0.89 上屏= 0.20 面板=0.65ms×4/s 统计= 0.02 合计=  1.09ms 置顶= 0.10ms 脏区=0块/100.0% ws= 148.6MB
[ 101.4s] fps= 60.1 记录= 0.81 上屏= 0.19 面板=0.73ms×4/s 统计= 0.01 合计=  1.00ms 置顶= 0.09ms 脏区=0块/100.0% ws= 148.6MB
[ 102.4s] fps= 60.0 记录= 0.90 上屏= 0.20 面板=0.74ms×3/s 统计= 0.01 合计=  1.10ms 置顶= 0.09ms 脏区=0块/100.0% ws= 148.6MB
[ 103.4s] fps= 60.0 记录= 0.92 上屏= 0.22 面板=0.63ms×4/s 统计= 0.02 合计=  1.14ms 置顶= 0.17ms 脏区=0块/100.0% ws= 148.7MB
[ 104.4s] fps= 59.9 记录= 0.92 上屏= 0.20 面板=0.69ms×4/s 统计= 0.02 合计=  1.13ms 置顶= 0.17ms 脏区=0块/100.0% ws= 148.7MB
[ 105.4s] fps= 60.0 记录= 0.93 上屏= 0.20 面板=0.68ms×4/s 统计= 0.01 合计=  1.14ms 置顶= 0.09ms 脏区=0块/100.0% ws= 148.9MB
[ 106.4s] fps= 60.0 记录= 0.82 上屏= 0.20 面板=0.69ms×4/s 统计= 0.02 合计=  1.02ms 置顶= 0.10ms 脏区=0块/100.0% ws= 148.9MB
[ 107.4s] fps= 60.0 记录= 0.80 上屏= 0.20 面板=0.75ms×4/s 统计= 0.02 合计=  1.00ms 置顶= 0.08ms 脏区=0块/100.0% ws= 149.0MB
[ 108.4s] fps= 60.0 记录= 0.94 上屏= 0.21 面板=0.74ms×4/s 统计= 0.02 合计=  1.15ms 置顶= 0.18ms 脏区=0块/100.0% ws= 149.0MB
[ 109.5s] fps= 60.0 记录= 0.92 上屏= 0.21 面板=0.69ms×4/s 统计= 0.02 合计=  1.13ms 置顶= 0.08ms 脏区=0块/100.0% ws= 149.1MB
[ 110.5s] fps= 60.2 记录= 0.92 上屏= 0.21 面板=0.75ms×4/s 统计= 0.04 合计=  1.13ms 置顶= 0.07ms 脏区=0块/100.0% ws= 149.1MB
[ 111.6s] fps= 60.0 记录= 0.92 上屏= 0.19 面板=0.83ms×3/s 统计= 0.01 合计=  1.12ms 置顶= 0.25ms 脏区=0块/100.0% ws= 149.1MB
[ 112.8s] fps=  3.9 记录= 0.98 上屏= 0.21 面板=0.84ms×4/s 统计= 0.01 合计=  1.23ms 置顶= 0.14ms 脏区=0块/100.0% ws= 149.0MB
[ 113.9s] fps=  3.9 记录= 0.78 上屏= 0.20 面板=0.77ms×2/s 统计= 0.02 合计=  0.98ms 置顶= 0.34ms 脏区=0块/100.0% ws= 149.0MB
[ 114.9s] fps=  4.0 记录= 0.83 上屏= 0.24 面板=0.67ms×2/s 统计= 0.01 合计=  1.08ms 置顶= 0.08ms 脏区=0块/100.0% ws= 149.1MB
[ 116.1s] fps=  4.0 记录= 0.78 上屏= 0.18 面板=0.66ms×3/s 统计= 0.02 合计=  0.98ms 置顶= 0.15ms 脏区=0块/100.0% ws= 149.1MB
[ 117.1s] fps= 19.9 记录= 0.75 上屏= 0.20 面板=0.68ms×3/s 统计= 0.02 合计=  0.95ms 置顶= 0.10ms 脏区=0块/100.0% ws= 149.1MB
[ 118.1s] fps=  6.8 记录= 0.79 上屏= 0.21 面板=0.74ms×3/s 统计= 0.02 合计=  1.01ms 置顶= 0.12ms 脏区=0块/100.0% ws= 150.0MB
[ 119.1s] fps= 60.1 记录= 0.81 上屏= 0.20 面板=0.80ms×4/s 统计= 0.01 合计=  1.01ms 置顶= 0.10ms 脏区=0块/100.0% ws= 150.1MB
[ 120.1s] fps= 60.0 记录= 0.79 上屏= 0.20 面板=0.68ms×3/s 统计= 0.02 合计=  0.99ms 置顶= 0.08ms 脏区=0块/100.0% ws= 150.1MB
[ 121.4s] fps= 59.9 记录= 0.79 上屏= 0.21 面板=0.66ms×4/s 统计= 0.02 合计=  1.01ms 置顶= 0.11ms 脏区=0块/100.0% ws= 150.1MB
[ 122.6s] fps=  4.1 记录= 0.78 上屏= 0.22 面板=0.67ms×3/s 统计= 0.01 合计=  1.03ms 置顶= 0.15ms 脏区=0块/100.0% ws= 150.1MB
marquee selected 0 strokes
[ 123.8s] fps= 60.0 记录= 0.79 上屏= 0.20 面板=0.70ms×2/s 统计= 0.01 合计=  0.99ms 置顶= 0.17ms 脏区=0块/100.0% ws= 150.1MB
marquee selected 0 strokes
[ 125.0s] fps= 23.2 记录= 0.62 上屏= 0.18 面板=0.67ms×3/s 统计= 0.02 合计=  0.80ms 置顶= 0.12ms 脏区=0块/100.0% ws= 150.2MB
[ 126.1s] fps= 15.0 记录= 0.62 上屏= 0.19 面板=0.64ms×3/s 统计= 0.01 合计=  0.82ms 置顶= 0.11ms 脏区=0块/100.0% ws= 150.1MB
[ 127.3s] fps=  4.1 记录= 0.54 上屏= 0.20 面板=0.86ms×3/s 统计= 0.01 合计=  0.78ms 置顶= 0.25ms 脏区=0块/100.0% ws= 150.1MB
[ 128.6s] fps=  4.1 记录= 0.55 上屏= 0.19 面板=0.87ms×3/s 统计= 0.01 合计=  0.77ms 置顶= 0.15ms 脏区=0块/100.0% ws= 150.1MB
[ 129.6s] fps=  3.9 记录= 0.51 上屏= 0.18 面板=0.65ms×2/s 统计= 0.01 合计=  0.73ms 置顶= 0.23ms 脏区=0块/100.0% ws= 150.1MB
[ 130.6s] fps=  3.9 记录= 0.59 上屏= 0.23 面板=0.69ms×3/s 统计= 0.02 合计=  0.85ms 置顶= 0.14ms 脏区=0块/100.0% ws= 150.1MB
[ 131.9s] fps=  4.0 记录= 0.57 上屏= 0.24 面板=0.75ms×2/s 统计= 0.02 合计=  0.87ms 置顶= 0.11ms 脏区=0块/100.0% ws= 150.1MB
[ 133.1s] fps=  4.1 记录= 0.59 上屏= 0.16 面板=0.78ms×3/s 统计= 0.02 合计=  0.79ms 置顶= 0.23ms 脏区=0块/100.0% ws= 148.5MB
[ 134.4s] fps=  4.0 记录= 0.67 上屏= 0.24 面板=0.74ms×2/s 统计= 0.02 合计=  0.94ms 置顶= 0.22ms 脏区=0块/100.0% ws= 148.5MB
[ 135.6s] fps=  4.0 记录= 0.57 上屏= 0.20 面板=0.65ms×2/s 统计= 0.02 合计=  0.81ms 置顶= 0.28ms 脏区=0块/100.0% ws= 148.5MB
[ 136.9s] fps=  4.0 记录= 0.59 上屏= 0.19 面板=0.77ms×3/s 统计= 0.02 合计=  0.82ms 置顶= 0.10ms 脏区=0块/100.0% ws= 148.5MB
[ 138.1s] fps=  4.3 记录= 0.61 上屏= 0.20 面板=0.83ms×2/s 统计= 0.02 合计=  0.85ms 置顶= 0.19ms 脏区=0块/100.0% ws= 148.5MB
[ 139.1s] fps=  3.9 记录= 0.56 上屏= 0.18 面板=0.81ms×3/s 统计= 0.01 合计=  0.76ms 置顶= 0.27ms 脏区=0块/100.0% ws= 148.6MB
[ 140.1s] fps=  3.9 记录= 0.55 上屏= 0.16 面板=0.78ms×2/s 统计= 0.02 合计=  0.75ms 置顶= 0.24ms 脏区=0块/100.0% ws= 148.6MB
[ 141.4s] fps=  3.9 记录= 0.59 上屏= 0.19 面板=0.72ms×3/s 统计= 0.01 合计=  0.81ms 置顶= 0.39ms 脏区=0块/100.0% ws= 148.8MB
[ 142.4s] fps=  4.1 记录= 0.49 上屏= 0.20 面板=0.72ms×2/s 统计= 0.02 合计=  0.73ms 置顶= 0.53ms 脏区=0块/100.0% ws= 148.8MB
[ 143.6s] fps=  4.1 记录= 0.62 上屏= 0.20 面板=0.71ms×3/s 统计= 0.01 合计=  0.84ms 置顶= 0.60ms 脏区=0块/100.0% ws= 148.9MB
[ 144.6s] fps=  3.9 记录= 0.63 上屏= 0.18 面板=0.63ms×2/s 统计= 0.02 合计=  0.84ms 置顶= 0.41ms 脏区=0块/100.0% ws= 148.9MB
[ 145.6s] fps=  4.1 记录= 0.59 上屏= 0.19 面板=0.78ms×2/s 统计= 0.03 合计=  0.82ms 置顶= 0.70ms 脏区=0块/100.0% ws= 149.1MB
[ 146.9s] fps=  4.0 记录= 0.58 上屏= 0.21 面板=0.73ms×3/s 统计= 0.02 合计=  0.83ms 置顶= 1.07ms 脏区=0块/100.0% ws= 149.1MB
[ 148.2s] fps=  4.0 记录= 0.63 上屏= 0.21 面板=0.81ms×2/s 统计= 0.02 合计=  0.88ms 置顶= 0.14ms 脏区=0块/100.0% ws= 147.6MB
[ 149.4s] fps=  4.0 记录= 0.50 上屏= 0.16 面板=0.76ms×2/s 统计= 0.01 合计=  0.68ms 置顶= 0.12ms 脏区=0块/100.0% ws= 147.7MB
[ 150.4s] fps=  3.9 记录= 0.70 上屏= 0.24 面板=0.68ms×2/s 统计= 0.01 合计=  1.00ms 置顶= 0.14ms 脏区=0块/100.0% ws= 147.8MB
[ 151.7s] fps=  3.9 记录= 0.54 上屏= 0.18 面板=0.90ms×3/s 统计= 0.02 合计=  0.75ms 置顶= 0.09ms 脏区=0块/100.0% ws= 147.9MB
[ 152.9s] fps=  4.0 记录= 0.68 上屏= 0.24 面板=0.74ms×2/s 统计= 0.03 合计=  0.97ms 置顶= 0.13ms 脏区=0块/100.0% ws= 148.0MB
[ 154.2s] fps=  4.0 记录= 0.58 上屏= 0.19 面板=0.89ms×2/s 统计= 0.02 合计=  0.82ms 置顶= 0.15ms 脏区=0块/100.0% ws= 148.1MB
[ 155.4s] fps=  4.1 记录= 0.52 上屏= 0.19 面板=0.80ms×3/s 统计= 0.02 合计=  0.74ms 置顶= 0.10ms 脏区=0块/100.0% ws= 148.2MB
[ 156.4s] fps=  4.0 记录= 0.47 上屏= 0.16 面板=0.66ms×2/s 统计= 0.02 合计=  0.67ms 置顶= 0.14ms 脏区=0块/100.0% ws= 148.3MB
[ 157.7s] fps=  4.0 记录= 0.68 上屏= 0.25 面板=0.83ms×3/s 统计= 0.02 合计=  0.97ms 置顶= 0.09ms 脏区=0块/100.0% ws= 148.4MB
[ 158.9s] fps=  3.9 记录= 0.54 上屏= 0.21 面板=0.79ms×2/s 统计= 0.01 合计=  0.80ms 置顶= 0.13ms 脏区=0块/100.0% ws= 148.5MB
[ 160.2s] fps=  4.1 记录= 0.59 上屏= 0.20 面板=0.81ms×3/s 统计= 0.02 合计=  0.83ms 置顶= 0.18ms 脏区=0块/100.0% ws= 148.6MB
[ 161.4s] fps=  4.1 记录= 0.60 上屏= 0.26 面板=0.79ms×2/s 统计= 0.02 合计=  0.89ms 置顶= 0.14ms 脏区=0块/100.0% ws= 148.7MB
[ 162.7s] fps=  4.1 记录= 0.54 上屏= 0.20 面板=0.72ms×2/s 统计= 0.02 合计=  0.77ms 置顶= 0.12ms 脏区=0块/100.0% ws= 148.8MB
[ 163.9s] fps=  4.1 记录= 0.53 上屏= 0.16 面板=0.76ms×2/s 统计= 0.01 合计=  0.72ms 置顶= 0.17ms 脏区=0块/100.0% ws= 148.9MB
[ 164.9s] fps=  4.1 记录= 0.61 上屏= 0.19 面板=0.71ms×2/s 统计= 0.01 合计=  0.84ms 置顶= 0.26ms 脏区=0块/100.0% ws= 149.0MB
[ 165.9s] fps=  4.0 记录= 0.52 上屏= 0.17 面板=0.79ms×3/s 统计= 0.01 合计=  0.71ms 置顶= 0.20ms 脏区=0块/100.0% ws= 149.1MB
[ 167.2s] fps=  4.1 记录= 0.60 上屏= 0.22 面板=0.67ms×2/s 统计= 0.02 合计=  0.85ms 置顶= 0.35ms 脏区=0块/100.0% ws= 149.2MB
[ 168.4s] fps=  4.1 记录= 0.57 上屏= 0.19 面板=0.78ms×2/s 统计= 0.01 合计=  0.78ms 置顶= 0.55ms 脏区=0块/100.0% ws= 149.3MB
[ 169.7s] fps=  4.0 记录= 0.60 上屏= 0.22 面板=0.86ms×2/s 统计= 0.02 合计=  0.84ms 置顶= 0.17ms 脏区=0块/100.0% ws= 149.4MB
[ 170.7s] fps=  4.0 记录= 0.55 上屏= 0.19 面板=0.95ms×2/s 统计= 0.01 合计=  0.79ms 置顶= 0.25ms 脏区=0块/100.0% ws= 149.4MB
[ 171.9s] fps=  4.1 记录= 0.55 上屏= 0.18 面板=0.85ms×3/s 统计= 0.02 合计=  0.76ms 置顶= 0.17ms 脏区=0块/100.0% ws= 149.4MB
[ 173.2s] fps=  4.1 记录= 0.59 上屏= 0.21 面板=0.85ms×2/s 统计= 0.01 合计=  0.84ms 置顶= 0.29ms 脏区=0块/100.0% ws= 149.4MB
[ 174.2s] fps=  3.9 记录= 0.55 上屏= 0.19 面板=0.77ms×2/s 统计= 0.01 合计=  0.79ms 置顶= 0.09ms 脏区=0块/100.0% ws= 149.4MB
[ 175.2s] fps=  3.9 记录= 0.55 上屏= 0.23 面板=0.95ms×3/s 统计= 0.02 合计=  0.82ms 置顶= 0.15ms 脏区=0块/100.0% ws= 149.4MB
[ 176.4s] fps=  3.9 记录= 0.57 上屏= 0.21 面板=0.79ms×3/s 统计= 0.02 合计=  0.83ms 置顶= 0.15ms 脏区=0块/100.0% ws= 149.4MB
[ 177.7s] fps=  3.9 记录= 0.66 上屏= 0.25 面板=0.88ms×3/s 统计= 0.02 合计=  0.95ms 置顶= 0.12ms 脏区=0块/100.0% ws= 149.4MB
[ 178.9s] fps=  3.9 记录= 0.53 上屏= 0.18 面板=0.85ms×2/s 统计= 0.02 合计=  0.75ms 置顶= 0.31ms 脏区=0块/100.0% ws= 149.4MB
[ 180.2s] fps=  3.9 记录= 0.57 上屏= 0.20 面板=0.73ms×2/s 统计= 0.02 合计=  0.80ms 置顶= 0.18ms 脏区=0块/100.0% ws= 149.4MB
[ 181.4s] fps=  3.9 记录= 0.50 上屏= 0.17 面板=0.71ms×2/s 统计= 0.01 合计=  0.71ms 置顶= 0.18ms 脏区=0块/100.0% ws= 149.4MB
[ 182.7s] fps=  3.9 记录= 0.57 上屏= 0.22 面板=0.67ms×3/s 统计= 0.02 合计=  0.81ms 置顶= 0.30ms 脏区=0块/100.0% ws= 149.4MB
[ 183.9s] fps=  4.0 记录= 0.57 上屏= 0.19 面板=0.71ms×2/s 统计= 0.01 合计=  0.78ms 置顶= 0.35ms 脏区=0块/100.0% ws= 149.4MB
[ 185.2s] fps=  4.1 记录= 0.54 上屏= 0.14 面板=0.66ms×2/s 统计= 0.01 合计=  0.69ms 置顶= 0.20ms 脏区=0块/100.0% ws= 149.4MB
[ 186.4s] fps=  4.0 记录= 0.60 上屏= 0.19 面板=0.72ms×2/s 统计= 0.01 合计=  0.82ms 置顶= 0.23ms 脏区=0块/100.0% ws= 149.4MB
[ 187.7s] fps=  4.0 记录= 0.55 上屏= 0.16 面板=0.75ms×2/s 统计= 0.01 合计=  0.73ms 置顶= 0.12ms 脏区=0块/100.0% ws= 149.4MB
[ 188.9s] fps=  3.9 记录= 0.54 上屏= 0.17 面板=0.65ms×2/s 统计= 0.02 合计=  0.75ms 置顶= 0.55ms 脏区=0块/100.0% ws= 149.4MB
[ 190.0s] fps=  4.1 记录= 0.56 上屏= 0.20 面板=0.75ms×2/s 统计= 0.01 合计=  0.80ms 置顶= 0.58ms 脏区=0块/100.0% ws= 149.4MB
marquee selected 0 strokes
[ 191.2s] fps=  4.1 记录= 0.60 上屏= 0.20 面板=0.77ms×3/s 统计= 0.02 合计=  0.81ms 置顶= 0.14ms 脏区=0块/100.0% ws= 149.4MB
marquee selected 0 strokes
[ 192.4s] fps= 16.0 记录= 0.60 上屏= 0.19 面板=0.75ms×4/s 统计= 0.02 合计=  0.81ms 置顶= 0.29ms 脏区=0块/100.0% ws= 149.4MB
marquee selected 0 strokes
[ 193.7s] fps=  5.3 记录= 0.58 上屏= 0.20 面板=0.72ms×3/s 统计= 0.02 合计=  0.79ms 置顶= 0.15ms 脏区=0块/100.0% ws= 149.4MB
[ 194.9s] fps=  4.1 记录= 0.54 上屏= 0.16 面板=0.75ms×2/s 统计= 0.01 合计=  0.71ms 置顶= 0.08ms 脏区=0块/100.0% ws= 149.4MB
[ 195.9s] fps=  3.9 记录= 0.51 上屏= 0.16 面板=0.68ms×2/s 统计= 0.01 合计=  0.70ms 置顶= 0.10ms 脏区=0块/100.0% ws= 149.4MB
[ 196.9s] fps=  3.9 记录= 0.67 上屏= 0.32 面板=0.65ms×3/s 统计= 0.02 合计=  1.03ms 置顶= 0.10ms 脏区=0块/100.0% ws= 149.5MB
[ 198.2s] fps=  4.0 记录= 0.69 上屏= 0.19 面板=0.80ms×2/s 统计= 0.02 合计=  0.92ms 置顶= 0.10ms 脏区=0块/100.0% ws= 149.5MB
[ 199.4s] fps=  4.0 记录= 0.56 上屏= 0.19 面板=0.80ms×2/s 统计= 0.02 合计=  0.79ms 置顶= 0.20ms 脏区=0块/100.0% ws= 149.5MB
[ 200.4s] fps=  3.9 记录= 0.72 上屏= 0.24 面板=0.80ms×2/s 统计= 0.01 合计=  1.01ms 置顶= 0.32ms 脏区=0块/100.0% ws= 149.4MB
[ 201.7s] fps=  3.9 记录= 0.54 上屏= 0.19 面板=0.82ms×3/s 统计= 0.01 合计=  0.76ms 置顶= 0.55ms 脏区=0块/100.0% ws= 149.5MB
[ 202.9s] fps=  3.9 记录= 0.58 上屏= 0.21 面板=0.80ms×2/s 统计= 0.01 合计=  0.82ms 置顶= 0.40ms 脏区=0块/100.0% ws= 149.5MB
[ 203.9s] fps=  3.9 记录= 0.62 上屏= 0.22 面板=0.79ms×2/s 统计= 0.01 合计=  0.87ms 置顶= 0.26ms 脏区=0块/100.0% ws= 149.5MB
[ 205.2s] fps=  4.1 记录= 0.58 上屏= 0.19 面板=0.73ms×2/s 统计= 0.02 合计=  0.81ms 置顶= 0.24ms 脏区=0块/100.0% ws= 149.5MB
[ 206.4s] fps=  4.1 记录= 0.63 上屏= 0.22 面板=0.75ms×2/s 统计= 0.02 合计=  0.88ms 置顶= 0.09ms 脏区=0块/100.0% ws= 149.5MB
[ 207.7s] fps=  4.1 记录= 0.51 上屏= 0.19 面板=0.81ms×2/s 统计= 0.01 合计=  0.73ms 置顶= 0.06ms 脏区=0块/100.0% ws= 149.5MB
[ 208.7s] fps=  3.9 记录= 0.61 上屏= 0.22 面板=0.71ms×2/s 统计= 0.01 合计=  0.87ms 置顶= 0.21ms 脏区=0块/100.0% ws= 149.5MB
[ 209.7s] fps=  3.9 记录= 0.61 上屏= 0.20 面板=0.72ms×3/s 统计= 0.02 合计=  0.85ms 置顶= 0.09ms 脏区=0块/100.0% ws= 149.5MB
[ 210.7s] fps=  3.9 记录= 0.60 上屏= 0.27 面板=0.79ms×2/s 统计= 0.02 合计=  0.90ms 置顶= 0.12ms 脏区=0块/100.0% ws= 149.5MB
[ 211.7s] fps=  4.0 记录= 0.50 上屏= 0.15 面板=0.77ms×2/s 统计= 0.02 合计=  0.69ms 置顶= 0.17ms 脏区=0块/100.0% ws= 149.5MB
pass-through implementation = HitTest
[ 212.9s] fps=  5.4 记录= 0.52 上屏= 0.19 面板=0.72ms×3/s 统计= 0.02 合计=  0.75ms 置顶= 0.37ms 脏区=0块/100.0% ws= 149.7MB
[ 214.2s] fps=  4.0 记录= 0.65 上屏= 0.22 面板=0.71ms×3/s 统计= 0.01 合计=  0.88ms 置顶= 0.34ms 脏区=0块/100.0% ws= 149.7MB
pass-through implementation = ExTransparent
[ 215.2s] fps=  5.0 记录= 0.60 上屏= 0.22 面板=0.64ms×2/s 统计= 0.01 合计=  0.85ms 置顶= 0.11ms 脏区=0块/100.0% ws= 149.7MB
[ 216.4s] fps=  3.9 记录= 0.59 上屏= 0.19 面板=0.84ms×3/s 统计= 0.02 合计=  0.81ms 置顶= 0.11ms 脏区=0块/100.0% ws= 149.7MB
marquee selected 0 strokes
[ 217.7s] fps= 20.1 记录= 0.62 上屏= 0.19 面板=0.82ms×2/s 统计= 0.02 合计=  0.82ms 置顶= 0.18ms 脏区=0块/100.0% ws= 149.7MB
pass-through = True (mode ExTransparent)
[ 218.7s] fps=  5.5 记录= 0.52 上屏= 0.16 面板=0.67ms×2/s 统计= 0.01 合计=  0.70ms 置顶= 0.13ms 脏区=0块/100.0% ws= 149.7MB
[ 219.9s] fps=  4.0 记录= 0.53 上屏= 0.20 面板=0.73ms×3/s 统计= 0.02 合计=  0.77ms 置顶= 0.46ms 脏区=0块/100.0% ws= 149.7MB
pass-through implementation = LayeredTransparent
[ 221.2s] fps=  5.8 记录= 0.62 上屏= 0.21 面板=0.74ms×3/s 统计= 0.01 合计=  0.86ms 置顶= 0.68ms 脏区=0块/100.0% ws= 149.7MB
[ 222.4s] fps=  4.0 记录= 0.55 上屏= 0.18 面板=0.86ms×2/s 统计= 0.02 合计=  0.76ms 置顶= 0.65ms 脏区=0块/100.0% ws= 149.7MB
[ 223.4s] fps=  3.9 记录= 0.45 上屏= 0.16 面板=0.68ms×2/s 统计= 0.01 合计=  0.66ms 置顶= 1.01ms 脏区=0块/100.0% ws= 149.7MB
pass-through implementation = HitTest
[ 224.7s] fps=  5.8 记录= 0.63 上屏= 0.21 面板=0.74ms×3/s 统计= 0.03 合计=  0.87ms 置顶= 0.10ms 脏区=0块/100.0% ws= 149.7MB
[ 225.7s] fps=  4.1 记录= 0.56 上屏= 0.20 面板=0.95ms×2/s 统计= 0.02 合计=  0.81ms 置顶= 0.15ms 脏区=0块/100.0% ws= 149.7MB
[ 226.9s] fps=  4.1 记录= 0.58 上屏= 0.19 面板=0.88ms×3/s 统计= 0.01 合计=  0.80ms 置顶= 0.84ms 脏区=0块/100.0% ws= 149.7MB
[ 227.9s] fps=  4.0 记录= 0.63 上屏= 0.20 面板=0.78ms×2/s 统计= 0.02 合计=  0.89ms 置顶= 0.44ms 脏区=0块/100.0% ws= 149.7MB
[ 229.2s] fps=  4.0 记录= 0.53 上屏= 0.15 面板=0.77ms×3/s 统计= 0.01 合计=  0.71ms 置顶= 0.07ms 脏区=0块/100.0% ws= 149.7MB
[ 230.2s] fps=  4.0 记录= 0.51 上屏= 0.15 面板=0.73ms×2/s 统计= 0.02 合计=  0.70ms 置顶= 0.27ms 脏区=0块/100.0% ws= 149.7MB
[ 231.2s] fps=  4.0 记录= 0.67 上屏= 0.23 面板=0.70ms×3/s 统计= 0.02 合计=  0.93ms 置顶= 0.15ms 脏区=0块/100.0% ws= 149.7MB
pass-through = False (mode HitTest)
[ 232.5s] fps=  5.5 记录= 0.59 上屏= 0.17 面板=0.90ms×2/s 统计= 0.02 合计=  0.81ms 置顶= 0.23ms 脏区=0块/100.0% ws= 149.8MB
[ 233.5s] fps=  3.9 记录= 0.51 上屏= 0.16 面板=0.72ms×3/s 统计= 0.02 合计=  0.72ms 置顶= 0.10ms 脏区=0块/100.0% ws= 149.8MB
[ 234.7s] fps=  3.9 记录= 0.55 上屏= 0.18 面板=0.74ms×3/s 统计= 0.01 合计=  0.76ms 置顶= 0.28ms 脏区=0块/100.0% ws= 149.8MB
[ 235.7s] fps=  3.9 记录= 0.63 上屏= 0.22 面板=0.79ms×2/s 统计= 0.02 合计=  0.88ms 置顶= 0.19ms 脏区=0块/100.0% ws= 149.8MB
[ 236.7s] fps=  4.1 记录= 0.50 上屏= 0.15 面板=0.78ms×2/s 统计= 0.01 合计=  0.65ms 置顶= 0.17ms 脏区=0块/100.0% ws= 149.8MB
[ 238.0s] fps=  4.1 记录= 0.55 上屏= 0.17 面板=0.70ms×1/s 统计= 0.01 合计=  0.75ms 置顶= 0.11ms 脏区=0块/100.0% ws= 149.8MB
批注键盘模式 = False（键盘还给下层程序）
[ 239.2s] fps=  4.4 记录= 0.59 上屏= 0.23 面板=0.65ms×2/s 统计= 0.02 合计=  0.84ms 置顶= 0.11ms 脏区=0块/100.0% ws= 149.8MB
[ 240.5s] fps=  4.1 记录= 0.55 上屏= 0.19 面板=0.70ms×2/s 统计= 0.01 合计=  0.77ms 置顶= 0.13ms 脏区=0块/100.0% ws= 149.8MB
[ 241.5s] fps= 12.0 记录= 0.56 上屏= 0.16 面板=0.77ms×2/s 统计= 0.01 合计=  0.73ms 置顶= 0.07ms 脏区=0块/100.0% ws= 149.8MB
marquee selected 0 strokes
marquee selected 0 strokes
[ 242.5s] fps= 25.7 记录= 0.65 上屏= 0.18 面板=0.74ms×3/s 统计= 0.02 合计=  0.84ms 置顶= 0.15ms 脏区=0块/100.0% ws= 149.8MB
[ 243.5s] fps= 19.9 记录= 0.62 上屏= 0.19 面板=0.73ms×3/s 统计= 0.01 合计=  0.82ms 置顶= 0.08ms 脏区=0块/100.0% ws= 149.8MB
marquee selected 0 strokes
[ 244.7s] fps=  8.0 记录= 0.55 上屏= 0.20 面板=0.75ms×3/s 统计= 0.01 合计=  0.77ms 置顶= 0.14ms 脏区=0块/100.0% ws= 149.8MB
[ 245.7s] fps=  4.1 记录= 0.53 上屏= 0.20 面板=0.61ms×2/s 统计= 0.01 合计=  0.76ms 置顶= 0.11ms 脏区=0块/100.0% ws= 149.8MB
[ 246.8s] fps=  3.9 记录= 0.56 上屏= 0.16 面板=0.70ms×3/s 统计= 0.01 合计=  0.75ms 置顶= 0.11ms 脏区=0块/100.0% ws= 149.8MB
[ 247.8s] fps=  5.8 记录= 0.62 上屏= 0.18 面板=0.76ms×2/s 统计= 0.01 合计=  0.81ms 置顶= 0.07ms 脏区=0块/100.0% ws= 149.8MB
[笔画] 采集到 12 个点，收到 按下1 移动56 抬起1 丢失捕获0，设备=鼠标
[ 249.0s] fps= 10.0 记录= 0.63 上屏= 0.19 面板=0.72ms×3/s 统计= 0.02 合计=  0.83ms 置顶= 0.13ms 脏区=0块/100.0% ws= 149.9MB
marquee selected 1 strokes
[ 250.0s] fps= 34.8 记录= 0.62 上屏= 0.18 面板=0.84ms×2/s 统计= 0.02 合计=  0.81ms 置顶= 0.41ms 脏区=0块/100.0% ws= 149.9MB
[ 251.0s] fps=  4.1 记录= 0.74 上屏= 0.21 面板=0.66ms×4/s 统计= 0.02 合计=  0.98ms 置顶= 0.34ms 脏区=0块/100.0% ws= 149.9MB
[ 252.2s] fps=  4.1 记录= 0.76 上屏= 0.21 面板=0.75ms×2/s 统计= 0.02 合计=  1.00ms 置顶= 0.38ms 脏区=0块/100.0% ws= 149.9MB
[ 253.2s] fps=  5.8 记录= 0.83 上屏= 0.21 面板=0.75ms×2/s 统计= 0.01 合计=  1.04ms 置顶= 0.09ms 脏区=0块/100.0% ws= 149.9MB
[ 254.3s] fps= 17.4 记录= 0.83 上屏= 0.22 面板=0.72ms×2/s 统计= 0.02 合计=  1.05ms 置顶= 0.34ms 脏区=0块/100.0% ws= 149.9MB
[ 255.5s] fps=  3.9 记录= 0.69 上屏= 0.20 面板=0.70ms×4/s 统计= 0.02 合计=  0.93ms 置顶= 0.16ms 脏区=0块/100.0% ws= 149.9MB
[ 256.7s] fps=  4.1 记录= 0.68 上屏= 0.16 面板=0.78ms×2/s 统计= 0.01 合计=  0.86ms 置顶= 0.47ms 脏区=0块/100.0% ws= 149.9MB
[ 258.0s] fps=  4.1 记录= 0.64 上屏= 0.19 面板=0.70ms×2/s 统计= 0.02 合计=  0.86ms 置顶= 0.15ms 脏区=0块/100.0% ws= 149.9MB
[ 259.2s] fps=  4.1 记录= 1.09 上屏= 0.35 面板=0.76ms×2/s 统计= 0.03 合计=  1.48ms 置顶= 0.48ms 脏区=0块/100.0% ws= 149.9MB
[ 260.3s] fps=  4.0 记录= 0.81 上屏= 0.22 面板=0.79ms×2/s 统计= 0.01 合计=  1.06ms 置顶= 0.40ms 脏区=0块/100.0% ws= 149.9MB
[ 261.3s] fps=  4.0 记录= 0.79 上屏= 0.20 面板=0.92ms×2/s 统计= 0.02 合计=  1.03ms 置顶= 0.36ms 脏区=0块/100.0% ws= 149.9MB
[ 262.5s] fps= 12.6 记录= 0.59 上屏= 0.18 面板=0.71ms×3/s 统计= 0.01 合计=  0.78ms 置顶= 0.15ms 脏区=0块/100.0% ws= 150.1MB
[ 263.8s] fps=  4.1 记录= 0.54 上屏= 0.17 面板=0.63ms×2/s 统计= 0.01 合计=  0.75ms 置顶= 0.30ms 脏区=0块/100.0% ws= 150.1MB
[ 265.0s] fps=  4.1 记录= 0.54 上屏= 0.19 面板=0.78ms×2/s 统计= 0.02 合计=  0.78ms 置顶= 0.35ms 脏区=0块/100.0% ws= 150.1MB
[ 266.3s] fps=  4.0 记录= 0.63 上屏= 0.20 面板=0.74ms×3/s 统计= 0.02 合计=  0.87ms 置顶= 0.25ms 脏区=0块/100.0% ws= 150.1MB
shutdown complete
